// Jest Snapshot v1, https://goo.gl/fbAQLP

exports[`UNSWScraper gives consistent results 1`] = `
Array [
  Object {
    "code": "ACCT1501",
    "name": "Accounting and Financial Management 1A",
    "streams": Array [
      Object {
        "component": "LEC",
        "enrols": Array [
          331,
          352,
        ],
        "full": undefined,
        "times": Array [
          Object {
            "canClash": undefined,
            "location": "Burrows Th",
            "time": "T11-13",
            "weeks": "1-5,7-10",
          },
        ],
        "web": undefined,
      },
      Object {
        "component": "LEC",
        "enrols": Array [
          263,
          282,
        ],
        "full": undefined,
        "times": Array [
          Object {
            "canClash": undefined,
            "location": "CLB 7",
            "time": "W9-11",
            "weeks": "1-5,7-10",
          },
        ],
        "web": undefined,
      },
      Object {
        "component": "LEC",
        "enrols": Array [
          243,
          275,
        ],
        "full": undefined,
        "times": Array [
          Object {
            "canClash": undefined,
            "location": "CLB 7",
            "time": "W15-17",
            "weeks": "1-5,7-10",
          },
        ],
        "web": undefined,
      },
      Object {
        "component": "LEC",
        "enrols": Array [
          138,
          170,
        ],
        "full": undefined,
        "times": Array [
          Object {
            "canClash": undefined,
            "location": "AinswthG03",
            "time": "H10-12",
            "weeks": "1-5,7-10",
          },
        ],
        "web": undefined,
      },
      Object {
        "component": "LEC",
        "enrols": Array [
          244,
          260,
        ],
        "full": undefined,
        "times": Array [
          Object {
            "canClash": undefined,
            "location": "AinswthG03",
            "time": "H14-16",
            "weeks": "1-5,7-10",
          },
        ],
        "web": undefined,
      },
      Object {
        "component": "TUT",
        "enrols": Array [
          20,
          24,
        ],
        "full": undefined,
        "times": Array [
          Object {
            "canClash": undefined,
            "location": "Webst 252",
            "time": "F9-10.5",
            "weeks": "2-5,7,9-10",
          },
        ],
        "web": undefined,
      },
      Object {
        "component": "TUT",
        "enrols": Array [
          16,
          24,
        ],
        "full": undefined,
        "times": Array [
          Object {
            "canClash": undefined,
            "location": "Webst 252",
            "time": "F10.5-12",
            "weeks": "2-5,7,9-10",
          },
        ],
        "web": undefined,
      },
      Object {
        "component": "TUT",
        "enrols": Array [
          21,
          24,
        ],
        "full": undefined,
        "times": Array [
          Object {
            "canClash": undefined,
            "location": "Webst 252",
            "time": "F12-13.5",
            "weeks": "2-5,7,9-10",
          },
        ],
        "web": undefined,
      },
      Object {
        "component": "TUT",
        "enrols": Array [
          18,
          24,
        ],
        "full": undefined,
        "times": Array [
          Object {
            "canClash": undefined,
            "location": "Quad G054",
            "time": "H9-10.5",
            "weeks": "2-5,7-10",
          },
        ],
        "web": undefined,
      },
      Object {
        "component": "TUT",
        "enrols": Array [
          23,
          24,
        ],
        "full": undefined,
        "times": Array [
          Object {
            "canClash": undefined,
            "location": "Webst 252",
            "time": "H10.5-12",
            "weeks": "2-5,7-10",
          },
        ],
        "web": undefined,
      },
      Object {
        "component": "TUT",
        "enrols": Array [
          24,
          24,
        ],
        "full": true,
        "times": Array [
          Object {
            "canClash": undefined,
            "location": "Webst 252",
            "time": "H12-13.5",
            "weeks": "2-5,7-10",
          },
        ],
        "web": undefined,
      },
      Object {
        "component": "TUT",
        "enrols": Array [
          23,
          24,
        ],
        "full": undefined,
        "times": Array [
          Object {
            "canClash": undefined,
            "location": "Quad G054",
            "time": "H13.5-15",
            "weeks": "2-5,7-10",
          },
        ],
        "web": undefined,
      },
      Object {
        "component": "TUT",
        "enrols": Array [
          22,
          25,
        ],
        "full": undefined,
        "times": Array [
          Object {
            "canClash": undefined,
            "location": "Law 111",
            "time": "H16-17.5",
            "weeks": "2-5,7-10",
          },
        ],
        "web": undefined,
      },
      Object {
        "component": "TUT",
        "enrols": Array [
          19,
          24,
        ],
        "full": undefined,
        "times": Array [
          Object {
            "canClash": undefined,
            "location": "Quad G054",
            "time": "H18-19.5",
            "weeks": "2-5,7-10",
          },
        ],
        "web": undefined,
      },
      Object {
        "component": "TUT",
        "enrols": Array [
          22,
          24,
        ],
        "full": undefined,
        "times": Array [
          Object {
            "canClash": undefined,
            "location": "BUS 118",
            "time": "M9-10.5",
            "weeks": "2-5,7-8,10-11",
          },
        ],
        "web": undefined,
      },
      Object {
        "component": "TUT",
        "enrols": Array [
          23,
          24,
        ],
        "full": undefined,
        "times": Array [
          Object {
            "canClash": undefined,
            "location": "BUS 114",
            "time": "M10.5-12",
            "weeks": "2-5,7-8,10-11",
          },
        ],
        "web": undefined,
      },
      Object {
        "component": "TUT",
        "enrols": Array [
          21,
          24,
        ],
        "full": undefined,
        "times": Array [
          Object {
            "canClash": undefined,
            "location": "BUS 107",
            "time": "M12-13.5",
            "weeks": "2-5,7-8,10-11",
          },
        ],
        "web": undefined,
      },
      Object {
        "component": "TUT",
        "enrols": Array [
          23,
          25,
        ],
        "full": undefined,
        "times": Array [
          Object {
            "canClash": undefined,
            "location": "Quad 1046",
            "time": "M13.5-15",
            "weeks": "2-5,7-8,10-11",
          },
        ],
        "web": undefined,
      },
      Object {
        "component": "TUT",
        "enrols": Array [
          20,
          25,
        ],
        "full": undefined,
        "times": Array [
          Object {
            "canClash": undefined,
            "location": "BUS 114",
            "time": "M15-16.5",
            "weeks": "2-5,7-8,10-11",
          },
        ],
        "web": undefined,
      },
      Object {
        "component": "TUT",
        "enrols": Array [
          24,
          25,
        ],
        "full": undefined,
        "times": Array [
          Object {
            "canClash": undefined,
            "location": "BUS 107",
            "time": "M16.5-18",
            "weeks": "2-5,7-8,10-11",
          },
        ],
        "web": undefined,
      },
      Object {
        "component": "TUT",
        "enrols": Array [
          14,
          24,
        ],
        "full": undefined,
        "times": Array [
          Object {
            "canClash": undefined,
            "location": "Webst 252",
            "time": "M18-19.5",
            "weeks": "2-5,7-8,10-11",
          },
        ],
        "web": undefined,
      },
      Object {
        "component": "TUT",
        "enrols": Array [
          22,
          24,
        ],
        "full": undefined,
        "times": Array [
          Object {
            "canClash": undefined,
            "location": "Webst 252",
            "time": "T9-10.5",
            "weeks": "2-5,7-10",
          },
        ],
        "web": undefined,
      },
      Object {
        "component": "TUT",
        "enrols": Array [
          22,
          24,
        ],
        "full": undefined,
        "times": Array [
          Object {
            "canClash": undefined,
            "location": "Webst 252",
            "time": "T10.5-12",
            "weeks": "2-5,7-10",
          },
        ],
        "web": undefined,
      },
      Object {
        "component": "TUT",
        "enrols": Array [
          23,
          24,
        ],
        "full": undefined,
        "times": Array [
          Object {
            "canClash": undefined,
            "location": "Webst 252",
            "time": "T12-13.5",
            "weeks": "2-5,7-10",
          },
        ],
        "web": undefined,
      },
      Object {
        "component": "TUT",
        "enrols": Array [
          21,
          24,
        ],
        "full": undefined,
        "times": Array [
          Object {
            "canClash": undefined,
            "location": "Webst 252",
            "time": "T13.5-15",
            "weeks": "2-5,7-10",
          },
        ],
        "web": undefined,
      },
      Object {
        "component": "TUT",
        "enrols": Array [
          24,
          25,
        ],
        "full": undefined,
        "times": Array [
          Object {
            "canClash": undefined,
            "location": "BUS 114",
            "time": "T15-16.5",
            "weeks": "2-5,7-10",
          },
        ],
        "web": undefined,
      },
      Object {
        "component": "TUT",
        "enrols": Array [
          19,
          24,
        ],
        "full": undefined,
        "times": Array [
          Object {
            "canClash": undefined,
            "location": "BUS 114",
            "time": "T16.5-18",
            "weeks": "2-5,7-10",
          },
        ],
        "web": undefined,
      },
      Object {
        "component": "TUT",
        "enrols": Array [
          22,
          24,
        ],
        "full": undefined,
        "times": Array [
          Object {
            "canClash": undefined,
            "location": "Webst 252",
            "time": "T18-19.5",
            "weeks": "2-5,7-10",
          },
        ],
        "web": undefined,
      },
      Object {
        "component": "TUT",
        "enrols": Array [
          22,
          25,
        ],
        "full": undefined,
        "times": Array [
          Object {
            "canClash": undefined,
            "location": "BUS 207",
            "time": "W9-10.5",
            "weeks": "2-5,7-10",
          },
        ],
        "web": undefined,
      },
      Object {
        "component": "TUT",
        "enrols": Array [
          19,
          24,
        ],
        "full": undefined,
        "times": Array [
          Object {
            "canClash": undefined,
            "location": "Quad G054",
            "time": "W10.5-12",
            "weeks": "2-5,7-10",
          },
        ],
        "web": undefined,
      },
      Object {
        "component": "TUT",
        "enrols": Array [
          23,
          24,
        ],
        "full": undefined,
        "times": Array [
          Object {
            "canClash": undefined,
            "location": "Quad G052",
            "time": "W12-13.5",
            "weeks": "2-5,7-10",
          },
        ],
        "web": undefined,
      },
      Object {
        "component": "TUT",
        "enrols": Array [
          23,
          25,
        ],
        "full": undefined,
        "times": Array [
          Object {
            "canClash": undefined,
            "location": "Quad G025",
            "time": "W13.5-15",
            "weeks": "2-5,7-10",
          },
        ],
        "web": undefined,
      },
      Object {
        "component": "TUT",
        "enrols": Array [
          23,
          24,
        ],
        "full": undefined,
        "times": Array [
          Object {
            "canClash": undefined,
            "location": "Quad G054",
            "time": "W15-16.5",
            "weeks": "2-5,7-10",
          },
        ],
        "web": undefined,
      },
      Object {
        "component": "TUT",
        "enrols": Array [
          18,
          24,
        ],
        "full": undefined,
        "times": Array [
          Object {
            "canClash": undefined,
            "location": "Webst 252",
            "time": "W16.5-18",
            "weeks": "2-5,7-10",
          },
        ],
        "web": undefined,
      },
      Object {
        "component": "TUT",
        "enrols": Array [
          19,
          24,
        ],
        "full": undefined,
        "times": Array [
          Object {
            "canClash": undefined,
            "location": "Webst 252",
            "time": "W18-19.5",
            "weeks": "2-5,7-10",
          },
        ],
        "web": undefined,
      },
    ],
    "term": undefined,
  },
  Object {
    "code": "ACCT1511",
    "name": "Accounting and Financial Management 1B",
    "streams": Array [
      Object {
        "component": "LEC",
        "enrols": Array [
          162,
          205,
        ],
        "full": undefined,
        "times": Array [
          Object {
            "canClash": undefined,
            "location": "ChemSc M18",
            "time": "H13-15",
            "weeks": "1-5,7-10",
          },
        ],
        "web": undefined,
      },
      Object {
        "component": "LEC",
        "enrols": Array [
          49,
          180,
        ],
        "full": undefined,
        "times": Array [
          Object {
            "canClash": undefined,
            "location": "Webst ThB",
            "time": "W9-11",
            "weeks": "1-5,7-10",
          },
        ],
        "web": undefined,
      },
      Object {
        "component": "LEC",
        "enrols": Array [
          170,
          231,
        ],
        "full": undefined,
        "times": Array [
          Object {
            "canClash": undefined,
            "location": "CLB 6",
            "time": "T18-20",
            "weeks": "1-5,7-10",
          },
        ],
        "web": undefined,
      },
      Object {
        "component": "TUT",
        "enrols": Array [
          26,
          26,
        ],
        "full": true,
        "times": Array [
          Object {
            "canClash": undefined,
            "location": "BUS G24",
            "time": "H10",
            "weeks": "2-5,7-10",
          },
        ],
        "web": undefined,
      },
      Object {
        "component": "TUT",
        "enrols": Array [
          25,
          27,
        ],
        "full": undefined,
        "times": Array [
          Object {
            "canClash": undefined,
            "location": "Quad G053",
            "time": "H11",
            "weeks": "2-5,7-10",
          },
        ],
        "web": undefined,
      },
      Object {
        "component": "TUT",
        "enrols": Array [
          26,
          27,
        ],
        "full": undefined,
        "times": Array [
          Object {
            "canClash": undefined,
            "location": "Quad G053",
            "time": "H12",
            "weeks": "2-5,7-10",
          },
        ],
        "web": undefined,
      },
      Object {
        "component": "TUT",
        "enrols": Array [
          24,
          27,
        ],
        "full": undefined,
        "times": Array [
          Object {
            "canClash": undefined,
            "location": "Quad G053",
            "time": "H13",
            "weeks": "2-5,7-10",
          },
        ],
        "web": undefined,
      },
      Object {
        "component": "TUT",
        "enrols": Array [
          19,
          27,
        ],
        "full": undefined,
        "times": Array [
          Object {
            "canClash": undefined,
            "location": "Law 162",
            "time": "H14",
            "weeks": "2-5,7-10",
          },
        ],
        "web": undefined,
      },
      Object {
        "component": "TUT",
        "enrols": Array [
          27,
          30,
        ],
        "full": undefined,
        "times": Array [
          Object {
            "canClash": undefined,
            "location": "BUS 119",
            "time": "H16",
            "weeks": "2-5,7-10",
          },
        ],
        "web": undefined,
      },
      Object {
        "component": "TUT",
        "enrols": Array [
          34,
          35,
        ],
        "full": undefined,
        "times": Array [
          Object {
            "canClash": undefined,
            "location": "BUS 205",
            "time": "H18",
            "weeks": "2-5,7-10",
          },
        ],
        "web": undefined,
      },
      Object {
        "component": "TUT",
        "enrols": Array [
          24,
          27,
        ],
        "full": undefined,
        "times": Array [
          Object {
            "canClash": undefined,
            "location": "BUS 205",
            "time": "T14",
            "weeks": "2-5,7-10",
          },
        ],
        "web": undefined,
      },
      Object {
        "component": "TUT",
        "enrols": Array [
          24,
          27,
        ],
        "full": undefined,
        "times": Array [
          Object {
            "canClash": undefined,
            "location": "Quad G052",
            "time": "T15",
            "weeks": "2-5,7-10",
          },
        ],
        "web": undefined,
      },
      Object {
        "component": "TUT",
        "enrols": Array [
          16,
          27,
        ],
        "full": undefined,
        "times": Array [
          Object {
            "canClash": undefined,
            "location": "Quad G052",
            "time": "T16",
            "weeks": "2-5,7-10",
          },
        ],
        "web": undefined,
      },
      Object {
        "component": "TUT",
        "enrols": Array [
          12,
          25,
        ],
        "full": undefined,
        "times": Array [
          Object {
            "canClash": undefined,
            "location": "Law 202",
            "time": "W9",
            "weeks": "2-5,7-10",
          },
        ],
        "web": undefined,
      },
      Object {
        "component": "TUT",
        "enrols": Array [
          24,
          27,
        ],
        "full": undefined,
        "times": Array [
          Object {
            "canClash": undefined,
            "location": "Law 202",
            "time": "W10",
            "weeks": "2-5,7-10",
          },
        ],
        "web": undefined,
      },
      Object {
        "component": "TUT",
        "enrols": Array [
          23,
          27,
        ],
        "full": undefined,
        "times": Array [
          Object {
            "canClash": undefined,
            "location": "Law 163",
            "time": "W12",
            "weeks": "2-5,7-10",
          },
        ],
        "web": undefined,
      },
      Object {
        "component": "TUT",
        "enrols": Array [
          25,
          27,
        ],
        "full": undefined,
        "times": Array [
          Object {
            "canClash": undefined,
            "location": "Law 101",
            "time": "W13",
            "weeks": "2-5,7-10",
          },
        ],
        "web": undefined,
      },
      Object {
        "component": "TUT",
        "enrols": Array [
          24,
          27,
        ],
        "full": undefined,
        "times": Array [
          Object {
            "canClash": undefined,
            "location": "Law 203",
            "time": "W15",
            "weeks": "2-5,7-10",
          },
        ],
        "web": undefined,
      },
      Object {
        "component": "TUT",
        "enrols": Array [
          28,
          32,
        ],
        "full": undefined,
        "times": Array [
          Object {
            "canClash": undefined,
            "location": "BUS 119",
            "time": "W17",
            "weeks": "2-5,7-10",
          },
        ],
        "web": undefined,
      },
    ],
    "term": undefined,
  },
  Object {
    "code": "ACCT2101",
    "name": "Industry Placement 1",
    "streams": Array [],
    "term": undefined,
  },
  Object {
    "code": "ACCT2522",
    "name": "Management Accounting 1",
    "streams": Array [
      Object {
        "component": "LEC",
        "enrols": Array [
          176,
          345,
        ],
        "full": undefined,
        "times": Array [
          Object {
            "canClash": undefined,
            "location": "AinswthG03",
            "time": "T9-11",
            "weeks": "1-10",
          },
        ],
        "web": undefined,
      },
      Object {
        "component": "LEC",
        "enrols": Array [
          201,
          330,
        ],
        "full": undefined,
        "times": Array [
          Object {
            "canClash": undefined,
            "location": "Law Th G04",
            "time": "T15-17",
            "weeks": "1-10",
          },
        ],
        "web": undefined,
      },
      Object {
        "component": "LEC",
        "enrols": Array [
          99,
          148,
        ],
        "full": undefined,
        "times": Array [
          Object {
            "canClash": undefined,
            "location": "ElecEngG23",
            "time": "T18-20",
            "weeks": "1-8,10-11",
          },
        ],
        "web": undefined,
      },
      Object {
        "component": "OTH",
        "enrols": Array [
          342,
          500,
        ],
        "full": undefined,
        "times": Array [
          Object {
            "canClash": undefined,
            "location": undefined,
            "time": "H17-19",
            "weeks": "6",
          },
        ],
        "web": undefined,
      },
      Object {
        "component": "OTH",
        "enrols": Array [
          134,
          500,
        ],
        "full": undefined,
        "times": Array [
          Object {
            "canClash": undefined,
            "location": undefined,
            "time": "H19-21",
            "weeks": "6",
          },
        ],
        "web": undefined,
      },
      Object {
        "component": "TUT",
        "enrols": Array [
          18,
          25,
        ],
        "full": undefined,
        "times": Array [
          Object {
            "canClash": undefined,
            "location": "Gold G03",
            "time": "H9-10.5",
            "weeks": "1-10",
          },
        ],
        "web": undefined,
      },
      Object {
        "component": "TUT",
        "enrols": Array [
          25,
          25,
        ],
        "full": true,
        "times": Array [
          Object {
            "canClash": undefined,
            "location": "Gold G03",
            "time": "H10.5-12",
            "weeks": "1-10",
          },
        ],
        "web": undefined,
      },
      Object {
        "component": "TUT",
        "enrols": Array [
          25,
          25,
        ],
        "full": true,
        "times": Array [
          Object {
            "canClash": undefined,
            "location": "Col LG01",
            "time": "H12-13.5",
            "weeks": "1-10",
          },
        ],
        "web": undefined,
      },
      Object {
        "component": "TUT",
        "enrols": Array [
          25,
          25,
        ],
        "full": true,
        "times": Array [
          Object {
            "canClash": undefined,
            "location": "Col LG01",
            "time": "H13.5-15",
            "weeks": "1-10",
          },
        ],
        "web": undefined,
      },
      Object {
        "component": "TUT",
        "enrols": Array [
          17,
          24,
        ],
        "full": undefined,
        "times": Array [
          Object {
            "canClash": undefined,
            "location": "Gold G02",
            "time": "M10-11.5",
            "weeks": "1-8,10-11",
          },
        ],
        "web": undefined,
      },
      Object {
        "component": "TUT",
        "enrols": Array [
          24,
          25,
        ],
        "full": undefined,
        "times": Array [
          Object {
            "canClash": undefined,
            "location": "Gold G02",
            "time": "M11.5-13",
            "weeks": "1-8,10-11",
          },
        ],
        "web": undefined,
      },
      Object {
        "component": "TUT",
        "enrols": Array [
          22,
          25,
        ],
        "full": undefined,
        "times": Array [
          Object {
            "canClash": undefined,
            "location": "Gold G02",
            "time": "M13-14.5",
            "weeks": "1-8,10-11",
          },
        ],
        "web": undefined,
      },
      Object {
        "component": "TUT",
        "enrols": Array [
          19,
          25,
        ],
        "full": undefined,
        "times": Array [
          Object {
            "canClash": undefined,
            "location": "Gold G02",
            "time": "M14.5-16",
            "weeks": "1-8,10-11",
          },
        ],
        "web": undefined,
      },
      Object {
        "component": "TUT",
        "enrols": Array [
          24,
          24,
        ],
        "full": true,
        "times": Array [
          Object {
            "canClash": undefined,
            "location": "Ainswth201",
            "time": "T11-12.5",
            "weeks": "1-10",
          },
        ],
        "web": undefined,
      },
      Object {
        "component": "TUT",
        "enrols": Array [
          24,
          24,
        ],
        "full": true,
        "times": Array [
          Object {
            "canClash": undefined,
            "location": "Ainswth201",
            "time": "T12.5-14",
            "weeks": "1-10",
          },
        ],
        "web": undefined,
      },
      Object {
        "component": "TUT",
        "enrols": Array [
          24,
          24,
        ],
        "full": true,
        "times": Array [
          Object {
            "canClash": undefined,
            "location": "Ainswth201",
            "time": "T14-15.5",
            "weeks": "1-10",
          },
        ],
        "web": undefined,
      },
      Object {
        "component": "TUT",
        "enrols": Array [
          23,
          24,
        ],
        "full": undefined,
        "times": Array [
          Object {
            "canClash": undefined,
            "location": "Ainswth201",
            "time": "T15.5-17",
            "weeks": "1-10",
          },
        ],
        "web": undefined,
      },
      Object {
        "component": "TUT",
        "enrols": Array [
          24,
          24,
        ],
        "full": true,
        "times": Array [
          Object {
            "canClash": undefined,
            "location": "Ainswth201",
            "time": "T18-19.5",
            "weeks": "1-10",
          },
        ],
        "web": undefined,
      },
      Object {
        "component": "TUT",
        "enrols": Array [
          23,
          24,
        ],
        "full": undefined,
        "times": Array [
          Object {
            "canClash": undefined,
            "location": "Quad 1045",
            "time": "W9-10.5",
            "weeks": "1-10",
          },
        ],
        "web": undefined,
      },
      Object {
        "component": "TUT",
        "enrols": Array [
          21,
          24,
        ],
        "full": undefined,
        "times": Array [
          Object {
            "canClash": undefined,
            "location": "Quad 1045",
            "time": "W10.5-12",
            "weeks": "1-10",
          },
        ],
        "web": undefined,
      },
      Object {
        "component": "TUT",
        "enrols": Array [
          24,
          25,
        ],
        "full": undefined,
        "times": Array [
          Object {
            "canClash": undefined,
            "location": "RedC 3037",
            "time": "W13.5-15",
            "weeks": "1-10",
          },
        ],
        "web": undefined,
      },
      Object {
        "component": "TUT",
        "enrols": Array [
          25,
          25,
        ],
        "full": true,
        "times": Array [
          Object {
            "canClash": undefined,
            "location": "Ainswth101",
            "time": "W15-16.5",
            "weeks": "1-10",
          },
        ],
        "web": undefined,
      },
      Object {
        "component": "TUT",
        "enrols": Array [
          20,
          24,
        ],
        "full": undefined,
        "times": Array [
          Object {
            "canClash": undefined,
            "location": "Ainswth101",
            "time": "W16.5-18",
            "weeks": "1-10",
          },
        ],
        "web": undefined,
      },
      Object {
        "component": "TUT",
        "enrols": Array [
          18,
          20,
        ],
        "full": undefined,
        "times": Array [
          Object {
            "canClash": undefined,
            "location": "Col LG02",
            "time": "W18-19.5",
            "weeks": "1-10",
          },
        ],
        "web": undefined,
      },
    ],
    "term": undefined,
  },
  Object {
    "code": "ACCT3202",
    "name": "Industry Placement 2",
    "streams": Array [],
    "term": undefined,
  },
  Object {
    "code": "ACCT3303",
    "name": "Industry Placement 3",
    "streams": Array [],
    "term": undefined,
  },
  Object {
    "code": "ACCT3563",
    "name": "Issues in Financial Reporting and Analysis",
    "streams": Array [
      Object {
        "component": "SEM",
        "enrols": Array [
          32,
          42,
        ],
        "full": undefined,
        "times": Array [
          Object {
            "canClash": undefined,
            "location": "Gold G09",
            "time": "H9-12",
            "weeks": "1-10",
          },
        ],
        "web": undefined,
      },
      Object {
        "component": "SEM",
        "enrols": Array [
          38,
          42,
        ],
        "full": undefined,
        "times": Array [
          Object {
            "canClash": undefined,
            "location": "Gold G09",
            "time": "H12-15",
            "weeks": "1-10",
          },
        ],
        "web": undefined,
      },
      Object {
        "component": "SEM",
        "enrols": Array [
          30,
          40,
        ],
        "full": undefined,
        "times": Array [
          Object {
            "canClash": undefined,
            "location": "Quad G040",
            "time": "T9-12",
            "weeks": "1-10",
          },
        ],
        "web": undefined,
      },
      Object {
        "component": "SEM",
        "enrols": Array [
          35,
          42,
        ],
        "full": undefined,
        "times": Array [
          Object {
            "canClash": undefined,
            "location": "ElecEngG04",
            "time": "T13-16",
            "weeks": "1-10",
          },
        ],
        "web": undefined,
      },
      Object {
        "component": "SEM",
        "enrols": Array [
          22,
          42,
        ],
        "full": undefined,
        "times": Array [
          Object {
            "canClash": undefined,
            "location": "ElecEngG04",
            "time": "W9-12",
            "weeks": "1-10",
          },
        ],
        "web": undefined,
      },
      Object {
        "component": "SEM",
        "enrols": Array [
          28,
          42,
        ],
        "full": undefined,
        "times": Array [
          Object {
            "canClash": undefined,
            "location": "ElecEngG04",
            "time": "W12-15",
            "weeks": "1-10",
          },
        ],
        "web": undefined,
      },
    ],
    "term": undefined,
  },
  Object {
    "code": "ACCT3583",
    "name": "Management Accounting 2",
    "streams": Array [
      Object {
        "component": "SEM",
        "enrols": Array [
          32,
          39,
        ],
        "full": undefined,
        "times": Array [
          Object {
            "canClash": undefined,
            "location": "BUS G24",
            "time": "M9-12",
            "weeks": "1-8,10-11",
          },
        ],
        "web": undefined,
      },
      Object {
        "component": "SEM",
        "enrols": Array [
          31,
          39,
        ],
        "full": undefined,
        "times": Array [
          Object {
            "canClash": undefined,
            "location": "BUS G24",
            "time": "M12-15",
            "weeks": "1-8,10-11",
          },
        ],
        "web": undefined,
      },
      Object {
        "component": "SEM",
        "enrols": Array [
          33,
          39,
        ],
        "full": undefined,
        "times": Array [
          Object {
            "canClash": undefined,
            "location": "BUS G26",
            "time": "M16-19",
            "weeks": "1-8,10-11",
          },
        ],
        "web": undefined,
      },
    ],
    "term": undefined,
  },
  Object {
    "code": "ACCT3610",
    "name": "Business Analysis and Valuation",
    "streams": Array [
      Object {
        "component": "LEC",
        "enrols": Array [
          47,
          53,
        ],
        "full": undefined,
        "times": Array [
          Object {
            "canClash": undefined,
            "location": "BUS 119",
            "time": "H13-16",
            "weeks": "1-10",
          },
        ],
        "web": undefined,
      },
    ],
    "term": undefined,
  },
  Object {
    "code": "ACCT3708",
    "name": "Auditing and Assurance Services",
    "streams": Array [
      Object {
        "component": "SEM",
        "enrols": Array [
          24,
          42,
        ],
        "full": undefined,
        "times": Array [
          Object {
            "canClash": undefined,
            "location": "ElecEngG04",
            "time": "H9-12",
            "weeks": "1-10",
          },
        ],
        "web": undefined,
      },
      Object {
        "component": "SEM",
        "enrols": Array [
          22,
          38,
        ],
        "full": undefined,
        "times": Array [
          Object {
            "canClash": undefined,
            "location": "Gold G03",
            "time": "H12-15",
            "weeks": "1-10",
          },
        ],
        "web": undefined,
      },
      Object {
        "component": "SEM",
        "enrols": Array [
          24,
          38,
        ],
        "full": undefined,
        "times": Array [
          Object {
            "canClash": undefined,
            "location": "Mat 106",
            "time": "T9-12",
            "weeks": "1-10",
          },
        ],
        "web": undefined,
      },
      Object {
        "component": "SEM",
        "enrols": Array [
          31,
          38,
        ],
        "full": undefined,
        "times": Array [
          Object {
            "canClash": undefined,
            "location": "Mat 106",
            "time": "T12-15",
            "weeks": "1-10",
          },
        ],
        "web": undefined,
      },
      Object {
        "component": "SEM",
        "enrols": Array [
          34,
          42,
        ],
        "full": undefined,
        "times": Array [
          Object {
            "canClash": undefined,
            "location": "Webst 250",
            "time": "W9-12",
            "weeks": "1-10",
          },
        ],
        "web": undefined,
      },
      Object {
        "component": "SEM",
        "enrols": Array [
          33,
          38,
        ],
        "full": undefined,
        "times": Array [
          Object {
            "canClash": undefined,
            "location": "Mat 106",
            "time": "W13-16",
            "weeks": "1-10",
          },
        ],
        "web": undefined,
      },
      Object {
        "component": "SEM",
        "enrols": Array [
          26,
          42,
        ],
        "full": undefined,
        "times": Array [
          Object {
            "canClash": undefined,
            "location": "ElecEngG09",
            "time": "W18-21",
            "weeks": "1-10",
          },
        ],
        "web": undefined,
      },
    ],
    "term": undefined,
  },
  Object {
    "code": "ACCT4794",
    "name": "Thesis (Accounting)",
    "streams": Array [],
    "term": undefined,
  },
  Object {
    "code": "ACCT4796",
    "name": "Thesis (Accounting) A",
    "streams": Array [],
    "term": undefined,
  },
  Object {
    "code": "ACCT4809",
    "name": "Current Developments in Auditing Research",
    "streams": Array [],
    "term": undefined,
  },
  Object {
    "code": "ACCT4851",
    "name": "Current Developments in Accounting Research - Financial",
    "streams": Array [],
    "term": undefined,
  },
  Object {
    "code": "ACCT4897",
    "name": "Seminar in Research Methodology",
    "streams": Array [],
    "term": undefined,
  },
  Object {
    "code": "ACCT5000",
    "name": "Research Accounting F/T",
    "streams": Array [],
    "term": undefined,
  },
  Object {
    "code": "ACCT5001",
    "name": "Research Accounting P/T",
    "streams": Array [],
    "term": undefined,
  },
  Object {
    "code": "ACCT5906",
    "name": "Financial Literacy Business",
    "streams": Array [
      Object {
        "component": "SEM",
        "enrols": Array [
          33,
          48,
        ],
        "full": undefined,
        "times": Array [
          Object {
            "canClash": undefined,
            "location": "Quad G031",
            "time": "F10-13",
            "weeks": "1-7,9-10",
          },
        ],
        "web": undefined,
      },
      Object {
        "component": "SEM",
        "enrols": Array [
          34,
          50,
        ],
        "full": undefined,
        "times": Array [
          Object {
            "canClash": undefined,
            "location": "BUS 216",
            "time": "W14-17",
            "weeks": "1-10",
          },
        ],
        "web": undefined,
      },
      Object {
        "component": "SEM",
        "enrols": Array [
          25,
          50,
        ],
        "full": undefined,
        "times": Array [
          Object {
            "canClash": undefined,
            "location": "Myers Thtr",
            "time": "W18-21",
            "weeks": "1-10",
          },
        ],
        "web": undefined,
      },
    ],
    "term": undefined,
  },
  Object {
    "code": "ACCT5907",
    "name": "Int'l Fin Statement Analysis",
    "streams": Array [
      Object {
        "component": "SEM",
        "enrols": Array [
          31,
          50,
        ],
        "full": undefined,
        "times": Array [
          Object {
            "canClash": undefined,
            "location": "Quad G031",
            "time": "W9-12",
            "weeks": "1-10",
          },
        ],
        "web": undefined,
      },
      Object {
        "component": "SEM",
        "enrols": Array [
          33,
          40,
        ],
        "full": undefined,
        "times": Array [
          Object {
            "canClash": undefined,
            "location": "Col LG01",
            "time": "W14-17",
            "weeks": "1-10",
          },
        ],
        "web": undefined,
      },
      Object {
        "component": "SEM",
        "enrols": Array [
          37,
          46,
        ],
        "full": undefined,
        "times": Array [
          Object {
            "canClash": undefined,
            "location": "ElecEngG10",
            "time": "W18-21",
            "weeks": "1-10",
          },
        ],
        "web": undefined,
      },
    ],
    "term": undefined,
  },
  Object {
    "code": "ACCT5908",
    "name": "Auditing and Assurance Ser.",
    "streams": Array [
      Object {
        "component": "SEM",
        "enrols": Array [
          33,
          33,
        ],
        "full": true,
        "times": Array [
          Object {
            "canClash": undefined,
            "location": "CivEng 102",
            "time": "T10-13",
            "weeks": "1-10",
          },
        ],
        "web": undefined,
      },
      Object {
        "component": "SEM",
        "enrols": Array [
          43,
          44,
        ],
        "full": undefined,
        "times": Array [
          Object {
            "canClash": undefined,
            "location": "BUS 220",
            "time": "T14-17",
            "weeks": "1-10",
          },
        ],
        "web": undefined,
      },
    ],
    "term": undefined,
  },
  Object {
    "code": "ACCT5909",
    "name": "Current Developments Auditing",
    "streams": Array [],
    "term": undefined,
  },
  Object {
    "code": "ACCT5910",
    "name": "Business  Analysis & Valuation",
    "streams": Array [
      Object {
        "component": "SEM",
        "enrols": Array [
          30,
          50,
        ],
        "full": undefined,
        "times": Array [
          Object {
            "canClash": undefined,
            "location": "BUS 119",
            "time": "H18-21",
            "weeks": "1-10",
          },
        ],
        "web": undefined,
      },
      Object {
        "component": "SEM",
        "enrols": Array [
          37,
          50,
        ],
        "full": undefined,
        "times": Array [
          Object {
            "canClash": undefined,
            "location": "BUS 216",
            "time": "T15-18",
            "weeks": "1-10",
          },
        ],
        "web": undefined,
      },
      Object {
        "component": "SEM",
        "enrols": Array [
          34,
          50,
        ],
        "full": undefined,
        "times": Array [
          Object {
            "canClash": undefined,
            "location": "BUS 216",
            "time": "W11-14",
            "weeks": "1-10",
          },
        ],
        "web": undefined,
      },
    ],
    "term": undefined,
  },
  Object {
    "code": "ACCT5920",
    "name": "Managing Intangible Resources",
    "streams": Array [
      Object {
        "component": "SEM",
        "enrols": Array [
          33,
          45,
        ],
        "full": undefined,
        "times": Array [
          Object {
            "canClash": undefined,
            "location": "Quad G031",
            "time": "M14-17",
            "weeks": "1-8,10-11",
          },
        ],
        "web": undefined,
      },
      Object {
        "component": "SEM",
        "enrols": Array [
          24,
          45,
        ],
        "full": undefined,
        "times": Array [
          Object {
            "canClash": undefined,
            "location": "BUS 115",
            "time": "M18-21",
            "weeks": "1-8,10-11",
          },
        ],
        "web": undefined,
      },
    ],
    "term": undefined,
  },
  Object {
    "code": "ACCT5930",
    "name": "Financial Accounting",
    "streams": Array [
      Object {
        "component": "SEM",
        "enrols": Array [
          31,
          53,
        ],
        "full": undefined,
        "times": Array [
          Object {
            "canClash": undefined,
            "location": "BUS 220",
            "time": "F10-13",
            "weeks": "1-7,9-10",
          },
        ],
        "web": undefined,
      },
      Object {
        "component": "SEM",
        "enrols": Array [
          41,
          53,
        ],
        "full": undefined,
        "times": Array [
          Object {
            "canClash": undefined,
            "location": "BUS 220",
            "time": "H9-12",
            "weeks": "1-10",
          },
        ],
        "web": undefined,
      },
      Object {
        "component": "SEM",
        "enrols": Array [
          34,
          56,
        ],
        "full": undefined,
        "times": Array [
          Object {
            "canClash": undefined,
            "location": "Col LG02",
            "time": "T10-13",
            "weeks": "1-10",
          },
        ],
        "web": undefined,
      },
      Object {
        "component": "SEM",
        "enrols": Array [
          66,
          51,
        ],
        "full": true,
        "times": Array [
          Object {
            "canClash": undefined,
            "location": "TETB LG07",
            "time": "T14-17",
            "weeks": "1-10",
          },
        ],
        "web": undefined,
      },
      Object {
        "component": "SEM",
        "enrols": Array [
          26,
          48,
        ],
        "full": undefined,
        "times": Array [
          Object {
            "canClash": undefined,
            "location": "Col LG01",
            "time": "T18-21",
            "weeks": "1-10",
          },
        ],
        "web": undefined,
      },
    ],
    "term": undefined,
  },
  Object {
    "code": "ACCT5931",
    "name": "Strategic Management Accountin",
    "streams": Array [
      Object {
        "component": "SEM",
        "enrols": Array [
          23,
          35,
        ],
        "full": undefined,
        "times": Array [
          Object {
            "canClash": undefined,
            "location": "BUS G23",
            "time": "H10-13",
            "weeks": "1-10",
          },
        ],
        "web": undefined,
      },
      Object {
        "component": "SEM",
        "enrols": Array [
          24,
          36,
        ],
        "full": undefined,
        "times": Array [
          Object {
            "canClash": undefined,
            "location": "BUS G23",
            "time": "T10-13",
            "weeks": "1-10",
          },
        ],
        "web": undefined,
      },
      Object {
        "component": "SEM",
        "enrols": Array [
          27,
          36,
        ],
        "full": undefined,
        "times": Array [
          Object {
            "canClash": undefined,
            "location": "BUS G23",
            "time": "T14-17",
            "weeks": "1-10",
          },
        ],
        "web": undefined,
      },
      Object {
        "component": "SEM",
        "enrols": Array [
          30,
          35,
        ],
        "full": undefined,
        "times": Array [
          Object {
            "canClash": undefined,
            "location": "BUS G24",
            "time": "T18-21",
            "weeks": "1-10",
          },
        ],
        "web": undefined,
      },
      Object {
        "component": "SEM",
        "enrols": Array [
          25,
          36,
        ],
        "full": undefined,
        "times": Array [
          Object {
            "canClash": undefined,
            "location": "BUS G23",
            "time": "W13-16",
            "weeks": "1-10",
          },
        ],
        "web": undefined,
      },
    ],
    "term": undefined,
  },
  Object {
    "code": "ACCT5951",
    "name": "Current Develop  Account Res F",
    "streams": Array [],
    "term": undefined,
  },
  Object {
    "code": "ACCT5967",
    "name": "Special Topic in Accounting",
    "streams": Array [],
    "term": undefined,
  },
  Object {
    "code": "ACCT5994",
    "name": "Thesis Accounting (Full-time)",
    "streams": Array [],
    "term": undefined,
  },
  Object {
    "code": "ACCT5996",
    "name": "Management Accounting and Busi",
    "streams": Array [
      Object {
        "component": "LEC",
        "enrols": Array [
          97,
          170,
        ],
        "full": undefined,
        "times": Array [
          Object {
            "canClash": undefined,
            "location": "TETB G16",
            "time": "M11-13",
            "weeks": "1,10",
          },
        ],
        "web": undefined,
      },
      Object {
        "component": "LEC",
        "enrols": Array [
          40,
          150,
        ],
        "full": undefined,
        "times": Array [
          Object {
            "canClash": undefined,
            "location": "ColomboThB",
            "time": "M18-20",
            "weeks": "1,10",
          },
        ],
        "web": undefined,
      },
      Object {
        "component": "TUT",
        "enrols": Array [
          21,
          42,
        ],
        "full": undefined,
        "times": Array [
          Object {
            "canClash": undefined,
            "location": "BUS G24",
            "time": "T9-12",
            "weeks": "1-10",
          },
        ],
        "web": undefined,
      },
      Object {
        "component": "TUT",
        "enrols": Array [
          25,
          42,
        ],
        "full": undefined,
        "times": Array [
          Object {
            "canClash": undefined,
            "location": "BUS G24",
            "time": "T12-15",
            "weeks": "1-10",
          },
        ],
        "web": undefined,
      },
      Object {
        "component": "TUT",
        "enrols": Array [
          33,
          35,
        ],
        "full": undefined,
        "times": Array [
          Object {
            "canClash": undefined,
            "location": "BUS G26",
            "time": "T18-21",
            "weeks": "1-10",
          },
        ],
        "web": undefined,
      },
      Object {
        "component": "TUT",
        "enrols": Array [
          29,
          42,
        ],
        "full": undefined,
        "times": Array [
          Object {
            "canClash": undefined,
            "location": "BUS G24",
            "time": "W9-12",
            "weeks": "1-10",
          },
        ],
        "web": undefined,
      },
      Object {
        "component": "TUT",
        "enrols": Array [
          29,
          42,
        ],
        "full": undefined,
        "times": Array [
          Object {
            "canClash": undefined,
            "location": "BUS G24",
            "time": "W12-15",
            "weeks": "1-10",
          },
        ],
        "web": undefined,
      },
    ],
    "term": undefined,
  },
  Object {
    "code": "ACCT5997",
    "name": "Seminar in Research Methodolgy",
    "streams": Array [],
    "term": undefined,
  },
  Object {
    "code": "ACCT5998",
    "name": "Project Seminar",
    "streams": Array [],
    "term": undefined,
  },
  Object {
    "code": "ACCT5999",
    "name": "Project Report",
    "streams": Array [],
    "term": undefined,
  },
  Object {
    "code": "ACCT6001",
    "name": "P/T Masters (R) Thesis Acc",
    "streams": Array [],
    "term": undefined,
  },
  Object {
    "code": "ACCT8691",
    "name": "Industrial Training 1",
    "streams": Array [],
    "term": undefined,
  },
  Object {
    "autoSelect": true,
    "code": "CBS",
    "defaultColour": "#303F9F",
    "isAdditional": true,
    "name": "Campus Bible Study",
    "streams": Array [
      Object {
        "component": "The Bible Talks",
        "enrols": Array [
          0,
          0,
        ],
        "full": false,
        "times": Array [
          Object {
            "time": "T12",
          },
        ],
      },
      Object {
        "component": "The Bible Talks",
        "enrols": Array [
          0,
          0,
        ],
        "full": false,
        "times": Array [
          Object {
            "time": "T13",
          },
        ],
      },
      Object {
        "component": "The Bible Talks",
        "enrols": Array [
          0,
          0,
        ],
        "full": false,
        "times": Array [
          Object {
            "time": "W12",
          },
        ],
      },
      Object {
        "component": "The Bible Talks",
        "enrols": Array [
          0,
          0,
        ],
        "full": false,
        "times": Array [
          Object {
            "time": "H12",
          },
        ],
      },
      Object {
        "component": "Bible Study",
        "enrols": Array [
          0,
          0,
        ],
        "full": false,
        "times": Array [
          Object {
            "time": "M11",
          },
        ],
      },
      Object {
        "component": "Bible Study",
        "enrols": Array [
          0,
          0,
        ],
        "full": false,
        "times": Array [
          Object {
            "time": "M12",
          },
        ],
      },
      Object {
        "component": "Bible Study",
        "enrols": Array [
          0,
          0,
        ],
        "full": false,
        "times": Array [
          Object {
            "time": "M13",
          },
        ],
      },
      Object {
        "component": "Bible Study",
        "enrols": Array [
          0,
          0,
        ],
        "full": false,
        "times": Array [
          Object {
            "time": "M14",
          },
        ],
      },
      Object {
        "component": "Bible Study",
        "enrols": Array [
          0,
          0,
        ],
        "full": false,
        "times": Array [
          Object {
            "time": "T11",
          },
        ],
      },
      Object {
        "component": "Bible Study",
        "enrols": Array [
          0,
          0,
        ],
        "full": false,
        "times": Array [
          Object {
            "time": "T14",
          },
        ],
      },
      Object {
        "component": "Bible Study",
        "enrols": Array [
          0,
          0,
        ],
        "full": false,
        "times": Array [
          Object {
            "time": "W11",
          },
        ],
      },
      Object {
        "component": "Bible Study",
        "enrols": Array [
          0,
          0,
        ],
        "full": false,
        "times": Array [
          Object {
            "time": "W13",
          },
        ],
      },
      Object {
        "component": "Bible Study",
        "enrols": Array [
          0,
          0,
        ],
        "full": false,
        "times": Array [
          Object {
            "time": "H11",
          },
        ],
      },
      Object {
        "component": "Bible Study",
        "enrols": Array [
          0,
          0,
        ],
        "full": false,
        "times": Array [
          Object {
            "time": "H13",
          },
        ],
      },
      Object {
        "component": "Bible Study",
        "enrols": Array [
          0,
          0,
        ],
        "full": false,
        "times": Array [
          Object {
            "time": "F12",
          },
        ],
      },
      Object {
        "component": "Bible Study",
        "enrols": Array [
          0,
          0,
        ],
        "full": false,
        "times": Array [
          Object {
            "time": "F13",
          },
        ],
      },
      Object {
        "component": "Core Theology",
        "enrols": Array [
          0,
          0,
        ],
        "full": false,
        "times": Array [
          Object {
            "time": "T16",
          },
        ],
      },
      Object {
        "component": "Core Theology",
        "enrols": Array [
          0,
          0,
        ],
        "full": false,
        "times": Array [
          Object {
            "time": "W14",
          },
        ],
      },
      Object {
        "component": "Core Training",
        "enrols": Array [
          0,
          0,
        ],
        "full": false,
        "times": Array [
          Object {
            "time": "T15",
          },
        ],
      },
      Object {
        "component": "Core Training",
        "enrols": Array [
          0,
          0,
        ],
        "full": false,
        "times": Array [
          Object {
            "time": "T17",
          },
        ],
      },
      Object {
        "component": "Core Training",
        "enrols": Array [
          0,
          0,
        ],
        "full": false,
        "times": Array [
          Object {
            "time": "W15",
          },
        ],
      },
      Object {
        "component": "Core Training",
        "enrols": Array [
          0,
          0,
        ],
        "full": false,
        "times": Array [
          Object {
            "time": "H14",
          },
        ],
      },
    ],
  },
  Object {
    "code": "Street Talk",
    "isAdditional": true,
    "name": "Street Talk",
    "streams": Array [
      Object {
        "component": "Street Talk",
        "enrols": Array [
          0,
          0,
        ],
        "full": false,
        "times": Array [
          Object {
            "time": "M15",
          },
        ],
      },
      Object {
        "component": "Street Talk",
        "enrols": Array [
          0,
          0,
        ],
        "full": false,
        "times": Array [
          Object {
            "time": "T15",
          },
        ],
      },
      Object {
        "component": "Street Talk",
        "enrols": Array [
          0,
          0,
        ],
        "full": false,
        "times": Array [
          Object {
            "time": "W15",
          },
        ],
      },
      Object {
        "component": "Street Talk",
        "enrols": Array [
          0,
          0,
        ],
        "full": false,
        "times": Array [
          Object {
            "time": "H15",
          },
        ],
      },
      Object {
        "component": "Street Talk",
        "enrols": Array [
          0,
          0,
        ],
        "full": false,
        "times": Array [
          Object {
            "time": "F15",
          },
        ],
      },
    ],
  },
]
`;
