// Jest Snapshot v1, https://goo.gl/fbAQLP

exports[`UNSWScraper gives consistent results 1`] = `
Array [
  Object {
    "code": "ACCT1501",
    "name": "Accounting and Financial Management 1A",
    "streams": Array [
      Object {
        "component": "LEC",
        "enrols": Array [
          297,
          350,
        ],
        "full": false,
        "times": Array [
          Object {
            "canClash": undefined,
            "location": "CLB 7",
            "time": "T11-13",
            "weeks": "1-10",
          },
        ],
        "web": false,
      },
      Object {
        "component": "LEC",
        "enrols": Array [
          198,
          200,
        ],
        "full": false,
        "times": Array [
          Object {
            "canClash": undefined,
            "location": "CLB 6",
            "time": "W16-18",
            "weeks": "1-10",
          },
        ],
        "web": false,
      },
      Object {
        "component": "LEC",
        "enrols": Array [
          150,
          200,
        ],
        "full": false,
        "times": Array [
          Object {
            "canClash": undefined,
            "location": "CLB 8",
            "time": "W9-11",
            "weeks": "1-10",
          },
        ],
        "web": false,
      },
      Object {
        "component": "TUT",
        "enrols": Array [
          24,
          24,
        ],
        "full": true,
        "times": Array [
          Object {
            "canClash": undefined,
            "location": "Sqhouse203",
            "time": "F9-10.5",
            "weeks": "2-10",
          },
        ],
        "web": false,
      },
      Object {
        "component": "TUT",
        "enrols": Array [
          24,
          24,
        ],
        "full": true,
        "times": Array [
          Object {
            "canClash": undefined,
            "location": "Sqhouse203",
            "time": "F10.5-12",
            "weeks": "2-10",
          },
        ],
        "web": false,
      },
      Object {
        "component": "TUT",
        "enrols": Array [
          24,
          24,
        ],
        "full": true,
        "times": Array [
          Object {
            "canClash": undefined,
            "location": "Quad G026",
            "time": "H9-10.5",
            "weeks": "2-10",
          },
        ],
        "web": false,
      },
      Object {
        "component": "TUT",
        "enrols": Array [
          24,
          24,
        ],
        "full": true,
        "times": Array [
          Object {
            "canClash": undefined,
            "location": "Quad G026",
            "time": "H10.5-12",
            "weeks": "2-10",
          },
        ],
        "web": false,
      },
      Object {
        "component": "TUT",
        "enrols": Array [
          23,
          24,
        ],
        "full": false,
        "times": Array [
          Object {
            "canClash": undefined,
            "location": "Sqhouse203",
            "time": "H12-13.5",
            "weeks": "2-10",
          },
        ],
        "web": false,
      },
      Object {
        "component": "TUT",
        "enrols": Array [
          24,
          24,
        ],
        "full": true,
        "times": Array [
          Object {
            "canClash": undefined,
            "location": "Sqhouse203",
            "time": "H13.5-15",
            "weeks": "2-10",
          },
        ],
        "web": false,
      },
      Object {
        "component": "TUT",
        "enrols": Array [
          24,
          24,
        ],
        "full": true,
        "times": Array [
          Object {
            "canClash": undefined,
            "location": "Block G13",
            "time": "H15-16.5",
            "weeks": "2-10",
          },
        ],
        "web": false,
      },
      Object {
        "component": "TUT",
        "enrols": Array [
          23,
          24,
        ],
        "full": false,
        "times": Array [
          Object {
            "canClash": undefined,
            "location": "Block G13",
            "time": "H16.5-18",
            "weeks": "2-10",
          },
        ],
        "web": false,
      },
      Object {
        "component": "TUT",
        "enrols": Array [
          24,
          24,
        ],
        "full": true,
        "times": Array [
          Object {
            "canClash": undefined,
            "location": "Block G13",
            "time": "H18-19.5",
            "weeks": "2-10",
          },
        ],
        "web": false,
      },
      Object {
        "component": "TUT",
        "enrols": Array [
          24,
          24,
        ],
        "full": true,
        "times": Array [
          Object {
            "canClash": undefined,
            "location": "Block G15",
            "time": "T9-10.5",
            "weeks": "2-10",
          },
        ],
        "web": false,
      },
      Object {
        "component": "TUT",
        "enrols": Array [
          24,
          24,
        ],
        "full": true,
        "times": Array [
          Object {
            "canClash": undefined,
            "location": "Block G15",
            "time": "T10.5-12",
            "weeks": "2-10",
          },
        ],
        "web": false,
      },
      Object {
        "component": "TUT",
        "enrols": Array [
          24,
          24,
        ],
        "full": true,
        "times": Array [
          Object {
            "canClash": undefined,
            "location": "Quad G027",
            "time": "T12-13.5",
            "weeks": "2-10",
          },
        ],
        "web": false,
      },
      Object {
        "component": "TUT",
        "enrols": Array [
          24,
          24,
        ],
        "full": true,
        "times": Array [
          Object {
            "canClash": undefined,
            "location": "Quad G027",
            "time": "T13.5-15",
            "weeks": "2-10",
          },
        ],
        "web": false,
      },
      Object {
        "component": "TUT",
        "enrols": Array [
          24,
          24,
        ],
        "full": true,
        "times": Array [
          Object {
            "canClash": undefined,
            "location": "BUS 215",
            "time": "T15-16.5",
            "weeks": "2-10",
          },
        ],
        "web": false,
      },
      Object {
        "component": "TUT",
        "enrols": Array [
          24,
          24,
        ],
        "full": true,
        "times": Array [
          Object {
            "canClash": undefined,
            "location": "BUS 215",
            "time": "T16.5-18",
            "weeks": "2-10",
          },
        ],
        "web": false,
      },
      Object {
        "component": "TUT",
        "enrols": Array [
          23,
          24,
        ],
        "full": false,
        "times": Array [
          Object {
            "canClash": undefined,
            "location": "BUS 207",
            "time": "T18-19.5",
            "weeks": "2-10",
          },
        ],
        "web": false,
      },
      Object {
        "component": "TUT",
        "enrols": Array [
          24,
          24,
        ],
        "full": true,
        "times": Array [
          Object {
            "canClash": undefined,
            "location": "Law 275",
            "time": "W9-10.5",
            "weeks": "2-10",
          },
        ],
        "web": false,
      },
      Object {
        "component": "TUT",
        "enrols": Array [
          24,
          24,
        ],
        "full": true,
        "times": Array [
          Object {
            "canClash": undefined,
            "location": "Law 275",
            "time": "W10.5-12",
            "weeks": "2-10",
          },
        ],
        "web": false,
      },
      Object {
        "component": "TUT",
        "enrols": Array [
          24,
          24,
        ],
        "full": true,
        "times": Array [
          Object {
            "canClash": undefined,
            "location": "Law 301",
            "time": "W12-13.5",
            "weeks": "2-10",
          },
        ],
        "web": false,
      },
      Object {
        "component": "TUT",
        "enrols": Array [
          24,
          24,
        ],
        "full": true,
        "times": Array [
          Object {
            "canClash": undefined,
            "location": "Law 301",
            "time": "W13.5-15",
            "weeks": "2-10",
          },
        ],
        "web": false,
      },
      Object {
        "component": "TUT",
        "enrols": Array [
          24,
          24,
        ],
        "full": true,
        "times": Array [
          Object {
            "canClash": undefined,
            "location": "Law 301",
            "time": "W15-16.5",
            "weeks": "2-10",
          },
        ],
        "web": false,
      },
      Object {
        "component": "TUT",
        "enrols": Array [
          24,
          24,
        ],
        "full": true,
        "times": Array [
          Object {
            "canClash": undefined,
            "location": "Law 301",
            "time": "W16.5-18",
            "weeks": "2-10",
          },
        ],
        "web": false,
      },
      Object {
        "component": "TUT",
        "enrols": Array [
          24,
          24,
        ],
        "full": true,
        "times": Array [
          Object {
            "canClash": undefined,
            "location": "BUS 114",
            "time": "W18-19.5",
            "weeks": "2-10",
          },
        ],
        "web": false,
      },
    ],
    "term": undefined,
  },
  Object {
    "code": "ACCT2101",
    "name": "Industry Placement 1",
    "streams": Array [],
    "term": undefined,
  },
  Object {
    "code": "ACCT2507",
    "name": "Introduction to Accounting Research",
    "streams": Array [
      Object {
        "component": "SEM",
        "enrols": Array [
          6,
          20,
        ],
        "full": false,
        "times": Array [
          Object {
            "canClash": undefined,
            "location": "BUS 215",
            "time": "T9-12",
            "weeks": "1-10",
          },
        ],
        "web": false,
      },
    ],
    "term": undefined,
  },
  Object {
    "code": "ACCT3202",
    "name": "Industry Placement 2",
    "streams": Array [],
    "term": undefined,
  },
  Object {
    "code": "ACCT3303",
    "name": "Industry Placement 3",
    "streams": Array [],
    "term": undefined,
  },
  Object {
    "code": "ACCT3563",
    "name": "Issues in Financial Reporting and Analysis",
    "streams": Array [
      Object {
        "component": "SEM",
        "enrols": Array [
          40,
          40,
        ],
        "full": true,
        "times": Array [
          Object {
            "canClash": undefined,
            "location": "BUS G26",
            "time": "F12-15",
            "weeks": "1-10",
          },
        ],
        "web": false,
      },
      Object {
        "component": "SEM",
        "enrols": Array [
          39,
          40,
        ],
        "full": false,
        "times": Array [
          Object {
            "canClash": undefined,
            "location": "BUS G24",
            "time": "H9-12",
            "weeks": "1-10",
          },
        ],
        "web": false,
      },
      Object {
        "component": "SEM",
        "enrols": Array [
          41,
          42,
        ],
        "full": false,
        "times": Array [
          Object {
            "canClash": undefined,
            "location": "BUS G24",
            "time": "H12-15",
            "weeks": "1-10",
          },
        ],
        "web": false,
      },
      Object {
        "component": "SEM",
        "enrols": Array [
          27,
          40,
        ],
        "full": false,
        "times": Array [
          Object {
            "canClash": undefined,
            "location": "BUS G23",
            "time": "M9-12",
            "weeks": undefined,
          },
        ],
        "web": false,
      },
      Object {
        "component": "SEM",
        "enrols": Array [
          40,
          40,
        ],
        "full": true,
        "times": Array [
          Object {
            "canClash": undefined,
            "location": "BUS G23",
            "time": "M12-15",
            "weeks": undefined,
          },
        ],
        "web": false,
      },
      Object {
        "component": "SEM",
        "enrols": Array [
          30,
          40,
        ],
        "full": false,
        "times": Array [
          Object {
            "canClash": undefined,
            "location": "BUS G24",
            "time": "M15-18",
            "weeks": undefined,
          },
        ],
        "web": false,
      },
      Object {
        "component": "SEM",
        "enrols": Array [
          32,
          40,
        ],
        "full": false,
        "times": Array [
          Object {
            "canClash": undefined,
            "location": "BUS G24",
            "time": "M18-21",
            "weeks": undefined,
          },
        ],
        "web": false,
      },
      Object {
        "component": "SEM",
        "enrols": Array [
          37,
          40,
        ],
        "full": false,
        "times": Array [
          Object {
            "canClash": undefined,
            "location": "BUS G24",
            "time": "T9-12",
            "weeks": "1-10",
          },
        ],
        "web": false,
      },
      Object {
        "component": "SEM",
        "enrols": Array [
          42,
          42,
        ],
        "full": true,
        "times": Array [
          Object {
            "canClash": undefined,
            "location": "BUS G24",
            "time": "T12-15",
            "weeks": "1-10",
          },
        ],
        "web": false,
      },
      Object {
        "component": "SEM",
        "enrols": Array [
          42,
          42,
        ],
        "full": true,
        "times": Array [
          Object {
            "canClash": undefined,
            "location": "BUS G24",
            "time": "T15-18",
            "weeks": "1-10",
          },
        ],
        "web": false,
      },
      Object {
        "component": "SEM",
        "enrols": Array [
          39,
          40,
        ],
        "full": false,
        "times": Array [
          Object {
            "canClash": undefined,
            "location": "BUS G24",
            "time": "T18-21",
            "weeks": "1-10",
          },
        ],
        "web": false,
      },
      Object {
        "component": "SEM",
        "enrols": Array [
          40,
          40,
        ],
        "full": true,
        "times": Array [
          Object {
            "canClash": undefined,
            "location": "BUS G24",
            "time": "W9-12",
            "weeks": "1-10",
          },
        ],
        "web": false,
      },
      Object {
        "component": "SEM",
        "enrols": Array [
          41,
          42,
        ],
        "full": false,
        "times": Array [
          Object {
            "canClash": undefined,
            "location": "BUS G24",
            "time": "W12-15",
            "weeks": "1-10",
          },
        ],
        "web": false,
      },
      Object {
        "component": "SEM",
        "enrols": Array [
          40,
          40,
        ],
        "full": true,
        "times": Array [
          Object {
            "canClash": undefined,
            "location": "BUS G24",
            "time": "W15-18",
            "weeks": "1-10",
          },
        ],
        "web": false,
      },
    ],
    "term": undefined,
  },
  Object {
    "code": "ACCT3583",
    "name": "Management Accounting 2",
    "streams": Array [
      Object {
        "component": "SEM",
        "enrols": Array [
          39,
          40,
        ],
        "full": false,
        "times": Array [
          Object {
            "canClash": undefined,
            "location": "BUS G23",
            "time": "F12-15",
            "weeks": "1-10",
          },
        ],
        "web": false,
      },
      Object {
        "component": "SEM",
        "enrols": Array [
          36,
          36,
        ],
        "full": true,
        "times": Array [
          Object {
            "canClash": undefined,
            "location": "BUS G26",
            "time": "H9-12",
            "weeks": "1-10",
          },
        ],
        "web": false,
      },
      Object {
        "component": "SEM",
        "enrols": Array [
          40,
          40,
        ],
        "full": true,
        "times": Array [
          Object {
            "canClash": undefined,
            "location": "BUS G26",
            "time": "H12-15",
            "weeks": "1-10",
          },
        ],
        "web": false,
      },
      Object {
        "component": "SEM",
        "enrols": Array [
          39,
          40,
        ],
        "full": false,
        "times": Array [
          Object {
            "canClash": undefined,
            "location": "BUS G26",
            "time": "H15-18",
            "weeks": "1-10",
          },
        ],
        "web": false,
      },
      Object {
        "component": "SEM",
        "enrols": Array [
          34,
          40,
        ],
        "full": false,
        "times": Array [
          Object {
            "canClash": undefined,
            "location": "BUS G23",
            "time": "T9-12",
            "weeks": "1-10",
          },
        ],
        "web": false,
      },
      Object {
        "component": "SEM",
        "enrols": Array [
          38,
          40,
        ],
        "full": false,
        "times": Array [
          Object {
            "canClash": undefined,
            "location": "BUS G23",
            "time": "T12-15",
            "weeks": "1-10",
          },
        ],
        "web": false,
      },
      Object {
        "component": "SEM",
        "enrols": Array [
          40,
          40,
        ],
        "full": true,
        "times": Array [
          Object {
            "canClash": undefined,
            "location": "BUS G23",
            "time": "T15-18",
            "weeks": "1-10",
          },
        ],
        "web": false,
      },
      Object {
        "component": "SEM",
        "enrols": Array [
          27,
          36,
        ],
        "full": false,
        "times": Array [
          Object {
            "canClash": undefined,
            "location": "Quad G053",
            "time": "T18-21",
            "weeks": "1-10",
          },
        ],
        "web": false,
      },
      Object {
        "component": "SEM",
        "enrols": Array [
          34,
          40,
        ],
        "full": false,
        "times": Array [
          Object {
            "canClash": undefined,
            "location": "BUS G23",
            "time": "W9-12",
            "weeks": "1-10",
          },
        ],
        "web": false,
      },
      Object {
        "component": "SEM",
        "enrols": Array [
          40,
          40,
        ],
        "full": true,
        "times": Array [
          Object {
            "canClash": undefined,
            "location": "BUS G26",
            "time": "W12-15",
            "weeks": "1-10",
          },
        ],
        "web": false,
      },
      Object {
        "component": "SEM",
        "enrols": Array [
          37,
          40,
        ],
        "full": false,
        "times": Array [
          Object {
            "canClash": undefined,
            "location": "BUS G23",
            "time": "W15-18",
            "weeks": "1-10",
          },
        ],
        "web": false,
      },
      Object {
        "component": "SEM",
        "enrols": Array [
          39,
          40,
        ],
        "full": false,
        "times": Array [
          Object {
            "canClash": undefined,
            "location": "BUS G23",
            "time": "W18-21",
            "weeks": "1-10",
          },
        ],
        "web": false,
      },
    ],
    "term": undefined,
  },
  Object {
    "code": "ACCT3601",
    "name": "Global Financial Reporting and Analysis",
    "streams": Array [
      Object {
        "component": "LEC",
        "enrols": Array [
          41,
          45,
        ],
        "full": false,
        "times": Array [
          Object {
            "canClash": undefined,
            "location": "BUS 220",
            "time": "T14-17",
            "weeks": "1-10",
          },
        ],
        "web": false,
      },
      Object {
        "component": "OTH",
        "enrols": Array [
          41,
          45,
        ],
        "full": false,
        "times": Array [
          Object {
            "canClash": undefined,
            "location": "MacauleyTh",
            "time": "M16-18",
            "weeks": "7",
          },
        ],
        "web": false,
      },
    ],
    "term": undefined,
  },
  Object {
    "code": "ACCT3625",
    "name": "Integrated Reporting, Integrated Thinking and Value Creation",
    "streams": Array [
      Object {
        "component": "LEC",
        "enrols": Array [
          19,
          45,
        ],
        "full": false,
        "times": Array [
          Object {
            "canClash": undefined,
            "location": "BUS G24",
            "time": "H15-18",
            "weeks": "1-10",
          },
        ],
        "web": false,
      },
    ],
    "term": undefined,
  },
  Object {
    "code": "ACCT3708",
    "name": "Auditing and Assurance Services",
    "streams": Array [
      Object {
        "component": "SEM",
        "enrols": Array [
          41,
          45,
        ],
        "full": false,
        "times": Array [
          Object {
            "canClash": undefined,
            "location": "TETB LG05",
            "time": "F10-13",
            "weeks": "1-10",
          },
        ],
        "web": false,
      },
      Object {
        "component": "SEM",
        "enrols": Array [
          45,
          45,
        ],
        "full": true,
        "times": Array [
          Object {
            "canClash": undefined,
            "location": "SEB G05",
            "time": "H10-13",
            "weeks": "1-10",
          },
        ],
        "web": false,
      },
      Object {
        "component": "SEM",
        "enrols": Array [
          45,
          45,
        ],
        "full": true,
        "times": Array [
          Object {
            "canClash": undefined,
            "location": "BUS 220",
            "time": "H14-17",
            "weeks": "1-10",
          },
        ],
        "web": false,
      },
      Object {
        "component": "SEM",
        "enrols": Array [
          34,
          45,
        ],
        "full": false,
        "times": Array [
          Object {
            "canClash": undefined,
            "location": "BUS 220",
            "time": "H18-21",
            "weeks": "1-10",
          },
        ],
        "web": false,
      },
      Object {
        "component": "SEM",
        "enrols": Array [
          28,
          45,
        ],
        "full": false,
        "times": Array [
          Object {
            "canClash": undefined,
            "location": "BUS 216",
            "time": "M10-13",
            "weeks": "1-10",
          },
        ],
        "web": false,
      },
      Object {
        "component": "SEM",
        "enrols": Array [
          30,
          45,
        ],
        "full": false,
        "times": Array [
          Object {
            "canClash": undefined,
            "location": "SEB G05",
            "time": "M15-18",
            "weeks": "1-10",
          },
        ],
        "web": false,
      },
      Object {
        "component": "SEM",
        "enrols": Array [
          45,
          45,
        ],
        "full": true,
        "times": Array [
          Object {
            "canClash": undefined,
            "location": "BUS 119",
            "time": "T14-17",
            "weeks": "1-10",
          },
        ],
        "web": false,
      },
      Object {
        "component": "SEM",
        "enrols": Array [
          36,
          45,
        ],
        "full": false,
        "times": Array [
          Object {
            "canClash": undefined,
            "location": "BUS 119",
            "time": "T18-21",
            "weeks": "1-10",
          },
        ],
        "web": false,
      },
      Object {
        "component": "SEM",
        "enrols": Array [
          45,
          45,
        ],
        "full": true,
        "times": Array [
          Object {
            "canClash": undefined,
            "location": "BUS 220",
            "time": "W10-13",
            "weeks": "1-10",
          },
        ],
        "web": false,
      },
      Object {
        "component": "SEM",
        "enrols": Array [
          45,
          45,
        ],
        "full": true,
        "times": Array [
          Object {
            "canClash": undefined,
            "location": "BUS 220",
            "time": "W15-18",
            "weeks": "1-10",
          },
        ],
        "web": false,
      },
    ],
    "term": undefined,
  },
  Object {
    "code": "ACCT4794",
    "name": "Thesis (Accounting)",
    "streams": Array [],
    "term": undefined,
  },
  Object {
    "code": "ACCT4798",
    "name": "Thesis (Accounting) C",
    "streams": Array [],
    "term": undefined,
  },
  Object {
    "code": "ACCT5000",
    "name": "Research Accounting F/T",
    "streams": Array [],
    "term": undefined,
  },
  Object {
    "code": "ACCT5001",
    "name": "Research Accounting P/T",
    "streams": Array [],
    "term": undefined,
  },
  Object {
    "code": "ACCT5907",
    "name": "Int'l Fin Statement Analysis",
    "streams": Array [
      Object {
        "component": "LEC",
        "enrols": Array [
          51,
          70,
        ],
        "full": false,
        "times": Array [
          Object {
            "canClash": undefined,
            "location": "Law Th G02",
            "time": "H18-21",
            "weeks": "1-10",
          },
        ],
        "web": false,
      },
      Object {
        "component": "LEC",
        "enrols": Array [
          46,
          50,
        ],
        "full": false,
        "times": Array [
          Object {
            "canClash": undefined,
            "location": "BUS 216",
            "time": "W9-12",
            "weeks": "1-10",
          },
        ],
        "web": false,
      },
    ],
    "term": undefined,
  },
  Object {
    "code": "ACCT5908",
    "name": "Auditing and Assurance Ser.",
    "streams": Array [
      Object {
        "component": "SEM",
        "enrols": Array [
          45,
          30,
        ],
        "full": true,
        "times": Array [
          Object {
            "canClash": undefined,
            "location": "BUS 115",
            "time": "H14-17",
            "weeks": "1-10",
          },
        ],
        "web": false,
      },
      Object {
        "component": "SEM",
        "enrols": Array [
          42,
          30,
        ],
        "full": true,
        "times": Array [
          Object {
            "canClash": undefined,
            "location": "BUS 119",
            "time": "H18-21",
            "weeks": "1-10",
          },
        ],
        "web": false,
      },
      Object {
        "component": "SEM",
        "enrols": Array [
          38,
          30,
        ],
        "full": true,
        "times": Array [
          Object {
            "canClash": undefined,
            "location": "BUS 220",
            "time": "T9-12",
            "weeks": "1-10",
          },
        ],
        "web": false,
      },
      Object {
        "component": "SEM",
        "enrols": Array [
          31,
          30,
        ],
        "full": true,
        "times": Array [
          Object {
            "canClash": undefined,
            "location": "BUS 115",
            "time": "T18-21",
            "weeks": "1-10",
          },
        ],
        "web": false,
      },
    ],
    "term": undefined,
  },
  Object {
    "code": "ACCT5919",
    "name": "Business Risk Management",
    "streams": Array [
      Object {
        "component": "SEM",
        "enrols": Array [
          49,
          49,
        ],
        "full": true,
        "times": Array [
          Object {
            "canClash": undefined,
            "location": "BUS 115",
            "time": "M14-17",
            "weeks": "1-10",
          },
        ],
        "web": false,
      },
      Object {
        "component": "SEM",
        "enrols": Array [
          47,
          47,
        ],
        "full": true,
        "times": Array [
          Object {
            "canClash": undefined,
            "location": "BUS 119",
            "time": "M18-21",
            "weeks": "1-10",
          },
        ],
        "web": false,
      },
      Object {
        "component": "SEM",
        "enrols": Array [
          46,
          47,
        ],
        "full": false,
        "times": Array [
          Object {
            "canClash": undefined,
            "location": "BUS 115",
            "time": "T10-13",
            "weeks": "1-10",
          },
        ],
        "web": false,
      },
      Object {
        "component": "SEM",
        "enrols": Array [
          45,
          47,
        ],
        "full": false,
        "times": Array [
          Object {
            "canClash": undefined,
            "location": "BUS 115",
            "time": "T14-17",
            "weeks": "1-10",
          },
        ],
        "web": false,
      },
    ],
    "term": undefined,
  },
  Object {
    "code": "ACCT5930",
    "name": "Financial Accounting",
    "streams": Array [
      Object {
        "component": "OTH",
        "enrols": Array [
          356,
          357,
        ],
        "full": true,
        "times": Array [
          Object {
            "canClash": undefined,
            "location": undefined,
            "time": "F16-18",
            "weeks": "5",
          },
        ],
        "web": false,
      },
      Object {
        "component": "SEM",
        "enrols": Array [
          50,
          51,
        ],
        "full": false,
        "times": Array [
          Object {
            "canClash": undefined,
            "location": "BUS 119",
            "time": "F9-12",
            "weeks": "1-10",
          },
        ],
        "web": false,
      },
      Object {
        "component": "SEM",
        "enrols": Array [
          51,
          51,
        ],
        "full": true,
        "times": Array [
          Object {
            "canClash": undefined,
            "location": "BUS 220",
            "time": "H11-14",
            "weeks": "1-10",
          },
        ],
        "web": false,
      },
      Object {
        "component": "SEM",
        "enrols": Array [
          51,
          51,
        ],
        "full": true,
        "times": Array [
          Object {
            "canClash": undefined,
            "location": "BUS 220",
            "time": "M10-13",
            "weeks": "1-10",
          },
        ],
        "web": false,
      },
      Object {
        "component": "SEM",
        "enrols": Array [
          51,
          51,
        ],
        "full": true,
        "times": Array [
          Object {
            "canClash": undefined,
            "location": "BUS 119",
            "time": "T9-12",
            "weeks": "1-10",
          },
        ],
        "web": false,
      },
      Object {
        "component": "SEM",
        "enrols": Array [
          51,
          51,
        ],
        "full": true,
        "times": Array [
          Object {
            "canClash": undefined,
            "location": "BUS 216",
            "time": "T14-17",
            "weeks": "1-10",
          },
        ],
        "web": false,
      },
      Object {
        "component": "SEM",
        "enrols": Array [
          51,
          51,
        ],
        "full": true,
        "times": Array [
          Object {
            "canClash": undefined,
            "location": "BUS 220",
            "time": "T18-21",
            "weeks": "1-10",
          },
        ],
        "web": false,
      },
      Object {
        "component": "SEM",
        "enrols": Array [
          51,
          51,
        ],
        "full": true,
        "times": Array [
          Object {
            "canClash": undefined,
            "location": "BUS 119",
            "time": "W12-15",
            "weeks": "1-10",
          },
        ],
        "web": false,
      },
    ],
    "term": undefined,
  },
  Object {
    "code": "ACCT5931",
    "name": "Strategic Management Accountin",
    "streams": Array [
      Object {
        "component": "SEM",
        "enrols": Array [
          35,
          35,
        ],
        "full": true,
        "times": Array [
          Object {
            "canClash": undefined,
            "location": "BUS G24",
            "time": "F14-17",
            "weeks": "1-10",
          },
        ],
        "web": false,
      },
      Object {
        "component": "SEM",
        "enrols": Array [
          20,
          35,
        ],
        "full": false,
        "times": Array [
          Object {
            "canClash": undefined,
            "location": "Mat 102",
            "time": "M9-12",
            "weeks": "1-10",
          },
        ],
        "web": false,
      },
      Object {
        "component": "SEM",
        "enrols": Array [
          35,
          35,
        ],
        "full": true,
        "times": Array [
          Object {
            "canClash": undefined,
            "location": "Mat 102",
            "time": "M12-15",
            "weeks": "1-10",
          },
        ],
        "web": false,
      },
      Object {
        "component": "SEM",
        "enrols": Array [
          35,
          35,
        ],
        "full": true,
        "times": Array [
          Object {
            "canClash": undefined,
            "location": "BUS G26",
            "time": "T9-12",
            "weeks": "1-10",
          },
        ],
        "web": false,
      },
      Object {
        "component": "SEM",
        "enrols": Array [
          35,
          35,
        ],
        "full": true,
        "times": Array [
          Object {
            "canClash": undefined,
            "location": "Quad 1043",
            "time": "T18-21",
            "weeks": "1-10",
          },
        ],
        "web": false,
      },
    ],
    "term": undefined,
  },
  Object {
    "code": "ACCT5942",
    "name": "Corporate Accounting & Regulat",
    "streams": Array [
      Object {
        "component": "SEM",
        "enrols": Array [
          44,
          45,
        ],
        "full": false,
        "times": Array [
          Object {
            "canClash": undefined,
            "location": "BUS 115",
            "time": "W10-13",
            "weeks": "1-10",
          },
        ],
        "web": false,
      },
      Object {
        "component": "SEM",
        "enrols": Array [
          44,
          44,
        ],
        "full": true,
        "times": Array [
          Object {
            "canClash": undefined,
            "location": "SEB G02",
            "time": "W14-17",
            "weeks": "1-10",
          },
        ],
        "web": false,
      },
    ],
    "term": undefined,
  },
  Object {
    "code": "ACCT5943",
    "name": "Advanced Financial Reporting",
    "streams": Array [
      Object {
        "component": "SEM",
        "enrols": Array [
          39,
          45,
        ],
        "full": false,
        "times": Array [
          Object {
            "canClash": undefined,
            "location": "BUS 220",
            "time": "F9-12",
            "weeks": "1-10",
          },
        ],
        "web": false,
      },
      Object {
        "component": "SEM",
        "enrols": Array [
          44,
          46,
        ],
        "full": false,
        "times": Array [
          Object {
            "canClash": undefined,
            "location": "BUS 216",
            "time": "F13-16",
            "weeks": "1-10",
          },
        ],
        "web": false,
      },
      Object {
        "component": "SEM",
        "enrols": Array [
          45,
          46,
        ],
        "full": false,
        "times": Array [
          Object {
            "canClash": undefined,
            "location": "BUS 119",
            "time": "H12-15",
            "weeks": "1-10",
          },
        ],
        "web": false,
      },
      Object {
        "component": "SEM",
        "enrols": Array [
          42,
          45,
        ],
        "full": false,
        "times": Array [
          Object {
            "canClash": undefined,
            "location": "MacauleyTh",
            "time": "T18-21",
            "weeks": "1-10",
          },
        ],
        "web": false,
      },
      Object {
        "component": "SEM",
        "enrols": Array [
          29,
          45,
        ],
        "full": false,
        "times": Array [
          Object {
            "canClash": undefined,
            "location": "BUS 119",
            "time": "W15-18",
            "weeks": "1-10",
          },
        ],
        "web": false,
      },
    ],
    "term": undefined,
  },
  Object {
    "code": "ACCT5949",
    "name": "Managing Agile Organisations",
    "streams": Array [
      Object {
        "component": "LEC",
        "enrols": Array [
          36,
          40,
        ],
        "full": false,
        "times": Array [
          Object {
            "canClash": undefined,
            "location": "BUS 119",
            "time": "W18-21",
            "weeks": "1-10",
          },
        ],
        "web": false,
      },
    ],
    "term": undefined,
  },
  Object {
    "code": "ACCT5955",
    "name": "Management  Control Systems",
    "streams": Array [
      Object {
        "component": "SEM",
        "enrols": Array [
          45,
          45,
        ],
        "full": true,
        "times": Array [
          Object {
            "canClash": undefined,
            "location": "Quad G034",
            "time": "M14-17",
            "weeks": "1-10",
          },
        ],
        "web": false,
      },
      Object {
        "component": "SEM",
        "enrols": Array [
          45,
          45,
        ],
        "full": true,
        "times": Array [
          Object {
            "canClash": undefined,
            "location": "Quad G034",
            "time": "M18-21",
            "weeks": "1-10",
          },
        ],
        "web": false,
      },
    ],
    "term": undefined,
  },
  Object {
    "code": "ACCT5961",
    "name": "Reporting for Climate Change",
    "streams": Array [
      Object {
        "component": "LEC",
        "enrols": Array [
          45,
          49,
        ],
        "full": false,
        "times": Array [
          Object {
            "canClash": undefined,
            "location": "BUS G24",
            "time": "W18-21",
            "weeks": "1-10",
          },
        ],
        "web": false,
      },
    ],
    "term": undefined,
  },
  Object {
    "code": "ACCT5967",
    "name": "Special Topic in Accounting",
    "streams": Array [],
    "term": undefined,
  },
  Object {
    "code": "ACCT5972",
    "name": "Accounting analytics",
    "streams": Array [
      Object {
        "component": "SEM",
        "enrols": Array [
          34,
          36,
        ],
        "full": false,
        "times": Array [
          Object {
            "canClash": undefined,
            "location": "BUS G24",
            "time": "M10-13",
            "weeks": "1-3,5-11",
          },
        ],
        "web": false,
      },
    ],
    "term": undefined,
  },
  Object {
    "code": "ACCT5994",
    "name": "Thesis Accounting (Full-time)",
    "streams": Array [],
    "term": undefined,
  },
  Object {
    "code": "ACCT5996",
    "name": "Management Accounting and Busi",
    "streams": Array [
      Object {
        "component": "LEC",
        "enrols": Array [
          93,
          120,
        ],
        "full": false,
        "times": Array [
          Object {
            "canClash": undefined,
            "location": "ElecEngG23",
            "time": "M9",
            "weeks": "1,10",
          },
        ],
        "web": false,
      },
      Object {
        "component": "LEC",
        "enrols": Array [
          115,
          120,
        ],
        "full": false,
        "times": Array [
          Object {
            "canClash": undefined,
            "location": "ElecEngG22",
            "time": "M18",
            "weeks": "1,10",
          },
        ],
        "web": false,
      },
      Object {
        "component": "SEM",
        "enrols": Array [
          30,
          30,
        ],
        "full": true,
        "times": Array [
          Object {
            "canClash": undefined,
            "location": "Quad G040",
            "time": "H12-15",
            "weeks": "1-10",
          },
        ],
        "web": false,
      },
      Object {
        "component": "SEM",
        "enrols": Array [
          36,
          36,
        ],
        "full": true,
        "times": Array [
          Object {
            "canClash": undefined,
            "location": "Quad G053",
            "time": "T10-13",
            "weeks": "1-10",
          },
        ],
        "web": false,
      },
      Object {
        "component": "SEM",
        "enrols": Array [
          30,
          30,
        ],
        "full": true,
        "times": Array [
          Object {
            "canClash": undefined,
            "location": "Quad G040",
            "time": "T13-16",
            "weeks": "1-10",
          },
        ],
        "web": false,
      },
      Object {
        "component": "SEM",
        "enrols": Array [
          40,
          42,
        ],
        "full": false,
        "times": Array [
          Object {
            "canClash": undefined,
            "location": "BUS G23",
            "time": "T18-21",
            "weeks": "1-10",
          },
        ],
        "web": false,
      },
      Object {
        "component": "SEM",
        "enrols": Array [
          42,
          42,
        ],
        "full": true,
        "times": Array [
          Object {
            "canClash": undefined,
            "location": "BUS G23",
            "time": "W12-15",
            "weeks": "1-10",
          },
        ],
        "web": false,
      },
      Object {
        "component": "SEM",
        "enrols": Array [
          30,
          30,
        ],
        "full": true,
        "times": Array [
          Object {
            "canClash": undefined,
            "location": "Quad G040",
            "time": "W15-18",
            "weeks": "1-10",
          },
        ],
        "web": false,
      },
    ],
    "term": undefined,
  },
  Object {
    "code": "ACCT5998",
    "name": "Project Seminar",
    "streams": Array [],
    "term": undefined,
  },
  Object {
    "code": "ACCT5999",
    "name": "Project Report",
    "streams": Array [],
    "term": undefined,
  },
  Object {
    "code": "ACCT6001",
    "name": "P/T Masters (R) Thesis Acc",
    "streams": Array [],
    "term": undefined,
  },
  Object {
    "code": "ACCT8691",
    "name": "Industrial Training 1",
    "streams": Array [],
    "term": undefined,
  },
  Object {
    "code": "ACTL1101",
    "name": "Introduction to Actuarial Studies",
    "streams": Array [
      Object {
        "component": "LAB",
        "enrols": Array [
          19,
          25,
        ],
        "full": false,
        "times": Array [
          Object {
            "canClash": undefined,
            "location": "Mat 211",
            "time": "F10.5-12",
            "weeks": "1-10",
          },
        ],
        "web": false,
      },
      Object {
        "component": "LAB",
        "enrols": Array [
          13,
          25,
        ],
        "full": false,
        "times": Array [
          Object {
            "canClash": undefined,
            "location": "Mat 211",
            "time": "F12-13.5",
            "weeks": "1-10",
          },
        ],
        "web": false,
      },
      Object {
        "component": "LAB",
        "enrols": Array [
          25,
          25,
        ],
        "full": true,
        "times": Array [
          Object {
            "canClash": undefined,
            "location": "Mat 211",
            "time": "F13.5-15",
            "weeks": "1-10",
          },
        ],
        "web": false,
      },
      Object {
        "component": "LAB",
        "enrols": Array [
          25,
          25,
        ],
        "full": true,
        "times": Array [
          Object {
            "canClash": undefined,
            "location": "Mat 211",
            "time": "H15-16.5",
            "weeks": "1-10",
          },
        ],
        "web": false,
      },
      Object {
        "component": "LAB",
        "enrols": Array [
          23,
          25,
        ],
        "full": false,
        "times": Array [
          Object {
            "canClash": undefined,
            "location": "Mat 211",
            "time": "H16.5-18",
            "weeks": "1-10",
          },
        ],
        "web": false,
      },
      Object {
        "component": "LAB",
        "enrols": Array [
          25,
          25,
        ],
        "full": true,
        "times": Array [
          Object {
            "canClash": undefined,
            "location": "Quad G021",
            "time": "M13-14.5",
            "weeks": "1-10",
          },
        ],
        "web": false,
      },
      Object {
        "component": "LAB",
        "enrols": Array [
          25,
          25,
        ],
        "full": true,
        "times": Array [
          Object {
            "canClash": undefined,
            "location": "Quad G021",
            "time": "M14.5-16",
            "weeks": "1-10",
          },
        ],
        "web": false,
      },
      Object {
        "component": "LAB",
        "enrols": Array [
          25,
          25,
        ],
        "full": true,
        "times": Array [
          Object {
            "canClash": undefined,
            "location": "Quad G021",
            "time": "M16-17.5",
            "weeks": "1-10",
          },
        ],
        "web": false,
      },
      Object {
        "component": "LAB",
        "enrols": Array [
          25,
          25,
        ],
        "full": true,
        "times": Array [
          Object {
            "canClash": undefined,
            "location": "Mat 211",
            "time": "T10.5-12",
            "weeks": "1-10",
          },
        ],
        "web": false,
      },
      Object {
        "component": "LAB",
        "enrols": Array [
          25,
          25,
        ],
        "full": true,
        "times": Array [
          Object {
            "canClash": undefined,
            "location": "Mat 211",
            "time": "T12-13.5",
            "weeks": "1-10",
          },
        ],
        "web": false,
      },
      Object {
        "component": "LAB",
        "enrols": Array [
          25,
          25,
        ],
        "full": true,
        "times": Array [
          Object {
            "canClash": undefined,
            "location": "Mat 211",
            "time": "T13.5-15",
            "weeks": "1-10",
          },
        ],
        "web": false,
      },
      Object {
        "component": "LAB",
        "enrols": Array [
          25,
          25,
        ],
        "full": true,
        "times": Array [
          Object {
            "canClash": undefined,
            "location": "Mat 211",
            "time": "T16-17.5",
            "weeks": "1-10",
          },
        ],
        "web": false,
      },
      Object {
        "component": "LEC",
        "enrols": Array [
          280,
          330,
        ],
        "full": false,
        "times": Array [
          Object {
            "canClash": undefined,
            "location": "Law Th G04",
            "time": "M11-13",
            "weeks": "1-3,5-11",
          },
          Object {
            "canClash": undefined,
            "location": "Law Th G04",
            "time": "T15",
            "weeks": "1-2,4-6,9-10",
          },
        ],
        "web": false,
      },
      Object {
        "component": "OTH",
        "enrols": Array [
          98,
          330,
        ],
        "full": false,
        "times": Array [
          Object {
            "canClash": undefined,
            "location": "PhysicsTh",
            "time": "F16-18",
            "weeks": "5",
          },
        ],
        "web": false,
      },
      Object {
        "component": "TUT",
        "enrols": Array [
          25,
          25,
        ],
        "full": true,
        "times": Array [
          Object {
            "canClash": undefined,
            "location": "Sqhouse203",
            "time": "F12",
            "weeks": "1-10",
          },
        ],
        "web": false,
      },
      Object {
        "component": "TUT",
        "enrols": Array [
          17,
          25,
        ],
        "full": false,
        "times": Array [
          Object {
            "canClash": undefined,
            "location": "ElecEngG09",
            "time": "H10",
            "weeks": "1-10",
          },
        ],
        "web": false,
      },
      Object {
        "component": "TUT",
        "enrols": Array [
          24,
          25,
        ],
        "full": false,
        "times": Array [
          Object {
            "canClash": undefined,
            "location": "Newt 306",
            "time": "H13",
            "weeks": "1-10",
          },
        ],
        "web": false,
      },
      Object {
        "component": "TUT",
        "enrols": Array [
          18,
          25,
        ],
        "full": false,
        "times": Array [
          Object {
            "canClash": undefined,
            "location": "MorvB LG2",
            "time": "W9",
            "weeks": "1-10",
          },
        ],
        "web": false,
      },
      Object {
        "component": "TUT",
        "enrols": Array [
          25,
          25,
        ],
        "full": true,
        "times": Array [
          Object {
            "canClash": undefined,
            "location": "Gold G09",
            "time": "W10",
            "weeks": "1-10",
          },
        ],
        "web": false,
      },
      Object {
        "component": "TUT",
        "enrols": Array [
          24,
          25,
        ],
        "full": false,
        "times": Array [
          Object {
            "canClash": undefined,
            "location": "Ainswth201",
            "time": "W11",
            "weeks": "1-10",
          },
        ],
        "web": false,
      },
      Object {
        "component": "TUT",
        "enrols": Array [
          25,
          25,
        ],
        "full": true,
        "times": Array [
          Object {
            "canClash": undefined,
            "location": "Law 162",
            "time": "W15",
            "weeks": "1-10",
          },
        ],
        "web": false,
      },
    ],
    "term": undefined,
  },
  Object {
    "code": "ACTL3162",
    "name": "General Insurance Techniques",
    "streams": Array [
      Object {
        "component": "LEC",
        "enrols": Array [
          351,
          402,
        ],
        "full": false,
        "times": Array [
          Object {
            "canClash": undefined,
            "location": "Burrows Th",
            "time": "T18-21",
            "weeks": "1-10",
          },
          Object {
            "canClash": undefined,
            "location": "MathewsThA",
            "time": "F20",
            "weeks": "1,3-7,9-10",
          },
        ],
        "web": false,
      },
      Object {
        "component": "OTH",
        "enrols": Array [
          351,
          450,
        ],
        "full": false,
        "times": Array [
          Object {
            "canClash": undefined,
            "location": "MathewsThA",
            "time": "F16-18",
            "weeks": "6",
          },
        ],
        "web": false,
      },
      Object {
        "component": "TUT",
        "enrols": Array [
          23,
          25,
        ],
        "full": false,
        "times": Array [
          Object {
            "canClash": undefined,
            "location": "Quad G025",
            "time": "F13-14.5",
            "weeks": "1-10",
          },
        ],
        "web": false,
      },
      Object {
        "component": "TUT",
        "enrols": Array [
          25,
          25,
        ],
        "full": true,
        "times": Array [
          Object {
            "canClash": undefined,
            "location": "Quad G025",
            "time": "F14.5-16",
            "weeks": "1-10",
          },
        ],
        "web": false,
      },
      Object {
        "component": "TUT",
        "enrols": Array [
          23,
          25,
        ],
        "full": false,
        "times": Array [
          Object {
            "canClash": undefined,
            "location": "Quad G027",
            "time": "M10.5-12",
            "weeks": "1-10",
          },
        ],
        "web": false,
      },
      Object {
        "component": "TUT",
        "enrols": Array [
          21,
          25,
        ],
        "full": false,
        "times": Array [
          Object {
            "canClash": undefined,
            "location": "Mat 308",
            "time": "T13-14.5",
            "weeks": "1-10",
          },
        ],
        "web": false,
      },
      Object {
        "component": "TUT",
        "enrols": Array [
          18,
          25,
        ],
        "full": false,
        "times": Array [
          Object {
            "canClash": undefined,
            "location": "Law 201",
            "time": "T14.5-16",
            "weeks": "1-10",
          },
        ],
        "web": false,
      },
      Object {
        "component": "TUT",
        "enrols": Array [
          19,
          24,
        ],
        "full": false,
        "times": Array [
          Object {
            "canClash": undefined,
            "location": "Law 202",
            "time": "T16-17.5",
            "weeks": "1-10",
          },
        ],
        "web": false,
      },
      Object {
        "component": "TUT",
        "enrols": Array [
          25,
          25,
        ],
        "full": true,
        "times": Array [
          Object {
            "canClash": undefined,
            "location": "Law 389",
            "time": "W10.5-12",
            "weeks": "1-10",
          },
        ],
        "web": false,
      },
      Object {
        "component": "TUT",
        "enrols": Array [
          25,
          25,
        ],
        "full": true,
        "times": Array [
          Object {
            "canClash": undefined,
            "location": "Gold G09",
            "time": "W15-16.5",
            "weeks": "1-10",
          },
        ],
        "web": false,
      },
      Object {
        "component": "TUT",
        "enrols": Array [
          23,
          25,
        ],
        "full": false,
        "times": Array [
          Object {
            "canClash": undefined,
            "location": "Gold G09",
            "time": "W16.5-18",
            "weeks": "1-10",
          },
        ],
        "web": false,
      },
    ],
    "term": undefined,
  },
  Object {
    "code": "ACTL3182",
    "name": "Asset-Liability and Derivative Models",
    "streams": Array [
      Object {
        "component": "LEC",
        "enrols": Array [
          127,
          150,
        ],
        "full": false,
        "times": Array [
          Object {
            "canClash": undefined,
            "location": "Law Th G04",
            "time": "M18-21",
            "weeks": "1-3,5-11",
          },
          Object {
            "canClash": undefined,
            "location": "CLB 8",
            "time": "W17",
            "weeks": "1,3-7,9-10",
          },
        ],
        "web": false,
      },
      Object {
        "component": "LEC",
        "enrols": Array [
          152,
          300,
        ],
        "full": false,
        "times": Array [
          Object {
            "canClash": undefined,
            "location": "Law Th G04",
            "time": "W9-12",
            "weeks": "1-10",
          },
          Object {
            "canClash": undefined,
            "location": "PhysicsTh",
            "time": "F9",
            "weeks": "1,3-7,9-10",
          },
        ],
        "web": false,
      },
      Object {
        "component": "OTH",
        "enrols": Array [
          279,
          450,
        ],
        "full": false,
        "times": Array [
          Object {
            "canClash": undefined,
            "location": "CLB 7",
            "time": "F16-18",
            "weeks": "5",
          },
        ],
        "web": false,
      },
      Object {
        "component": "TUT",
        "enrols": Array [
          24,
          25,
        ],
        "full": false,
        "times": Array [
          Object {
            "canClash": undefined,
            "location": "BUS 114",
            "time": "F12.5-14",
            "weeks": "1-10",
          },
        ],
        "web": false,
      },
      Object {
        "component": "TUT",
        "enrols": Array [
          21,
          25,
        ],
        "full": false,
        "times": Array [
          Object {
            "canClash": undefined,
            "location": "Gold G02",
            "time": "F14-15.5",
            "weeks": "1-10",
          },
        ],
        "web": false,
      },
      Object {
        "component": "TUT",
        "enrols": Array [
          12,
          25,
        ],
        "full": false,
        "times": Array [
          Object {
            "canClash": undefined,
            "location": "Sqhouse203",
            "time": "H10.5-12",
            "weeks": "1-10",
          },
        ],
        "web": false,
      },
      Object {
        "component": "TUT",
        "enrols": Array [
          16,
          25,
        ],
        "full": false,
        "times": Array [
          Object {
            "canClash": undefined,
            "location": "Quad G025",
            "time": "H12-13.5",
            "weeks": "1-10",
          },
        ],
        "web": false,
      },
      Object {
        "component": "TUT",
        "enrols": Array [
          21,
          25,
        ],
        "full": false,
        "times": Array [
          Object {
            "canClash": undefined,
            "location": "SEB B27",
            "time": "H13.5-15",
            "weeks": "1-10",
          },
        ],
        "web": false,
      },
      Object {
        "component": "TUT",
        "enrols": Array [
          21,
          25,
        ],
        "full": false,
        "times": Array [
          Object {
            "canClash": undefined,
            "location": "BUS 107",
            "time": "H16-17.5",
            "weeks": "1-10",
          },
        ],
        "web": false,
      },
      Object {
        "component": "TUT",
        "enrols": Array [
          24,
          25,
        ],
        "full": false,
        "times": Array [
          Object {
            "canClash": undefined,
            "location": "Law 163",
            "time": "W13.5-15",
            "weeks": "1-10",
          },
        ],
        "web": false,
      },
      Object {
        "component": "TUT",
        "enrols": Array [
          25,
          25,
        ],
        "full": true,
        "times": Array [
          Object {
            "canClash": undefined,
            "location": "Law 202",
            "time": "W15-16.5",
            "weeks": "1-10",
          },
        ],
        "web": false,
      },
    ],
    "term": undefined,
  },
  Object {
    "code": "ACTL3192",
    "name": "Retirement Saving and Spending Over the Lifecycle",
    "streams": Array [
      Object {
        "component": "LEC",
        "enrols": Array [
          51,
          75,
        ],
        "full": false,
        "times": Array [
          Object {
            "canClash": undefined,
            "location": "Webst ThA",
            "time": "M16-18",
            "weeks": "1-3,5-11",
          },
          Object {
            "canClash": undefined,
            "location": "Webst ThA",
            "time": "T14",
            "weeks": "7,10",
          },
        ],
        "web": false,
      },
      Object {
        "component": "OTH",
        "enrols": Array [
          51,
          75,
        ],
        "full": false,
        "times": Array [
          Object {
            "canClash": undefined,
            "location": "ColomboThA",
            "time": "H12-13.5",
            "weeks": "5",
          },
        ],
        "web": false,
      },
      Object {
        "component": "TUT",
        "enrols": Array [
          10,
          12,
        ],
        "full": false,
        "times": Array [
          Object {
            "canClash": undefined,
            "location": "BUS 207",
            "time": "W10.5-12",
            "weeks": "1-10",
          },
        ],
        "web": false,
      },
      Object {
        "component": "TUT",
        "enrols": Array [
          12,
          12,
        ],
        "full": true,
        "times": Array [
          Object {
            "canClash": undefined,
            "location": "BUS 215",
            "time": "W12-13.5",
            "weeks": "1-10",
          },
        ],
        "web": false,
      },
      Object {
        "component": "TUT",
        "enrols": Array [
          12,
          12,
        ],
        "full": true,
        "times": Array [
          Object {
            "canClash": undefined,
            "location": "BUS 215",
            "time": "W13.5-15",
            "weeks": "1-10",
          },
        ],
        "web": false,
      },
      Object {
        "component": "TUT",
        "enrols": Array [
          12,
          12,
        ],
        "full": true,
        "times": Array [
          Object {
            "canClash": undefined,
            "location": "BUS 118",
            "time": "W15.5-17",
            "weeks": "1-10",
          },
        ],
        "web": false,
      },
      Object {
        "component": "TUT",
        "enrols": Array [
          5,
          6,
        ],
        "full": false,
        "times": Array [
          Object {
            "canClash": undefined,
            "location": "Quad 1049",
            "time": "W15-16.5",
            "weeks": "1-10",
          },
        ],
        "web": false,
      },
    ],
    "term": undefined,
  },
  Object {
    "code": "ACTL3303",
    "name": "Industry Placement 3",
    "streams": Array [],
    "term": undefined,
  },
  Object {
    "code": "ACTL4000",
    "name": "Thesis (Actuarial Studies)",
    "streams": Array [],
    "term": undefined,
  },
  Object {
    "code": "ACTL4003",
    "name": "Research Methods in Risk and Actuarial Studies",
    "streams": Array [
      Object {
        "component": "LEC",
        "enrols": Array [
          0,
          8,
        ],
        "full": false,
        "times": Array [
          Object {
            "canClash": undefined,
            "location": "BUS 130",
            "time": "F10-13",
            "weeks": "1-10",
          },
        ],
        "web": false,
      },
    ],
    "term": undefined,
  },
  Object {
    "code": "ACTL4012",
    "name": "Thesis (Actuarial Studies) C",
    "streams": Array [],
    "term": undefined,
  },
  Object {
    "code": "ACTL4302",
    "name": "Risk and Capital Management",
    "streams": Array [
      Object {
        "component": "LEC",
        "enrols": Array [
          15,
          60,
        ],
        "full": false,
        "times": Array [
          Object {
            "canClash": undefined,
            "location": "NSGlob Th",
            "time": "T18-21",
            "weeks": "1-10",
          },
          Object {
            "canClash": undefined,
            "location": "CivEng 101",
            "time": "H17",
            "weeks": "1,3-7,9-10",
          },
        ],
        "web": false,
      },
      Object {
        "component": "OTH",
        "enrols": Array [
          15,
          60,
        ],
        "full": false,
        "times": Array [
          Object {
            "canClash": undefined,
            "location": "ColomboThA",
            "time": "F14-16",
            "weeks": "5",
          },
        ],
        "web": false,
      },
    ],
    "term": undefined,
  },
  Object {
    "code": "ACTL5000",
    "name": "Thesis - Actuarial Studies",
    "streams": Array [],
    "term": undefined,
  },
  Object {
    "code": "ACTL5001",
    "name": "Thesis P/T Actuarial Studies",
    "streams": Array [],
    "term": undefined,
  },
  Object {
    "code": "ACTL5003",
    "name": "Res. Methods in Risk & Act. St",
    "streams": Array [],
    "term": undefined,
  },
  Object {
    "code": "ACTL5106",
    "name": "Insurance Risk Models",
    "streams": Array [
      Object {
        "component": "LEC",
        "enrols": Array [
          33,
          36,
        ],
        "full": false,
        "times": Array [
          Object {
            "canClash": undefined,
            "location": "Burrows Th",
            "time": "T18-21",
            "weeks": "1-10",
          },
          Object {
            "canClash": undefined,
            "location": "MathewsThA",
            "time": "F20",
            "weeks": "1,3-7,9-10",
          },
        ],
        "web": false,
      },
      Object {
        "component": "OTH",
        "enrols": Array [
          33,
          40,
        ],
        "full": false,
        "times": Array [
          Object {
            "canClash": undefined,
            "location": "MathewsThA",
            "time": "F16-18",
            "weeks": "6",
          },
        ],
        "web": false,
      },
      Object {
        "component": "TUT",
        "enrols": Array [
          24,
          25,
        ],
        "full": false,
        "times": Array [
          Object {
            "canClash": undefined,
            "location": "Law 275",
            "time": "W14-15.5",
            "weeks": "1-10",
          },
        ],
        "web": false,
      },
      Object {
        "component": "TUT",
        "enrols": Array [
          9,
          25,
        ],
        "full": false,
        "times": Array [
          Object {
            "canClash": undefined,
            "location": "Law 275",
            "time": "W15.5-17",
            "weeks": "1-10",
          },
        ],
        "web": false,
      },
    ],
    "term": undefined,
  },
  Object {
    "code": "ACTL5108",
    "name": "Finance for Actuaries",
    "streams": Array [
      Object {
        "component": "LEC",
        "enrols": Array [
          40,
          44,
        ],
        "full": false,
        "times": Array [
          Object {
            "canClash": undefined,
            "location": "SEB G02",
            "time": "W18-21",
            "weeks": "1-10",
          },
          Object {
            "canClash": undefined,
            "location": "SEB G02",
            "time": "H18",
            "weeks": "6-7,9-10",
          },
        ],
        "web": false,
      },
      Object {
        "component": "OTH",
        "enrols": Array [
          40,
          40,
        ],
        "full": true,
        "times": Array [
          Object {
            "canClash": undefined,
            "location": "TETB LG07",
            "time": "H19-21",
            "weeks": "5",
          },
        ],
        "web": false,
      },
    ],
    "term": undefined,
  },
  Object {
    "code": "ACTL5109",
    "name": "Financial Economics",
    "streams": Array [
      Object {
        "component": "LEC",
        "enrols": Array [
          26,
          45,
        ],
        "full": false,
        "times": Array [
          Object {
            "canClash": undefined,
            "location": "Law Th G04",
            "time": "M18-21",
            "weeks": "1-3,5-11",
          },
          Object {
            "canClash": undefined,
            "location": "CLB 8",
            "time": "W17",
            "weeks": "1,3-7,9-10",
          },
        ],
        "web": false,
      },
      Object {
        "component": "OTH",
        "enrols": Array [
          26,
          45,
        ],
        "full": false,
        "times": Array [
          Object {
            "canClash": undefined,
            "location": "CLB 7",
            "time": "F16-18",
            "weeks": "5",
          },
        ],
        "web": false,
      },
      Object {
        "component": "TUT",
        "enrols": Array [
          26,
          28,
        ],
        "full": false,
        "times": Array [
          Object {
            "canClash": undefined,
            "location": "Law 202",
            "time": "W12-13.5",
            "weeks": "1-10",
          },
        ],
        "web": false,
      },
    ],
    "term": undefined,
  },
  Object {
    "code": "ACTL5302",
    "name": "Risk and Capital Management",
    "streams": Array [
      Object {
        "component": "LEC",
        "enrols": Array [
          28,
          45,
        ],
        "full": false,
        "times": Array [
          Object {
            "canClash": undefined,
            "location": "NSGlob Th",
            "time": "T18-21",
            "weeks": "1-10",
          },
          Object {
            "canClash": undefined,
            "location": "CivEng 101",
            "time": "H17",
            "weeks": "1,3-7,9-10",
          },
        ],
        "web": false,
      },
      Object {
        "component": "OTH",
        "enrols": Array [
          28,
          45,
        ],
        "full": false,
        "times": Array [
          Object {
            "canClash": undefined,
            "location": "ColomboThA",
            "time": "F14-16",
            "weeks": "5",
          },
        ],
        "web": false,
      },
    ],
    "term": undefined,
  },
  Object {
    "code": "ACTL5306",
    "name": "Retirement Saving and Spending",
    "streams": Array [
      Object {
        "component": "LEC",
        "enrols": Array [
          12,
          30,
        ],
        "full": false,
        "times": Array [
          Object {
            "canClash": undefined,
            "location": "Webst ThA",
            "time": "M16-18",
            "weeks": "1-3,5-11",
          },
          Object {
            "canClash": undefined,
            "location": "Webst ThA",
            "time": "T14",
            "weeks": "7,10",
          },
        ],
        "web": false,
      },
      Object {
        "component": "OTH",
        "enrols": Array [
          12,
          30,
        ],
        "full": false,
        "times": Array [
          Object {
            "canClash": undefined,
            "location": "ColomboThA",
            "time": "H12-13.5",
            "weeks": "5",
          },
        ],
        "web": false,
      },
      Object {
        "component": "TUT",
        "enrols": Array [
          12,
          15,
        ],
        "full": false,
        "times": Array [
          Object {
            "canClash": undefined,
            "location": "Quad 1049",
            "time": "W16.5-18",
            "weeks": "1-10",
          },
        ],
        "web": false,
      },
    ],
    "term": undefined,
  },
  Object {
    "code": "AERO9000",
    "name": "Res. Thesis Aero. Eng. F/T",
    "streams": Array [],
    "term": undefined,
  },
  Object {
    "code": "AERO9001",
    "name": "Res. Thesis Aero. Eng. P/T",
    "streams": Array [],
    "term": undefined,
  },
  Object {
    "code": "AERO9500",
    "name": "Space Systems Architectures and Orbits",
    "streams": Array [
      Object {
        "component": "TUT",
        "enrols": Array [
          14,
          22,
        ],
        "full": false,
        "times": Array [
          Object {
            "canClash": undefined,
            "location": "Ainswth101",
            "time": "H17",
            "weeks": "1-10",
          },
        ],
        "web": false,
      },
      Object {
        "component": "LEC",
        "enrols": Array [
          4,
          13,
        ],
        "full": false,
        "times": Array [
          Object {
            "canClash": undefined,
            "location": "Ainswth202",
            "time": "M12-14",
            "weeks": "1-3,5-11",
          },
          Object {
            "canClash": undefined,
            "location": "Ainswth102",
            "time": "H15",
            "weeks": "1-10",
          },
        ],
        "web": false,
      },
      Object {
        "component": "TUT",
        "enrols": Array [
          4,
          13,
        ],
        "full": false,
        "times": Array [
          Object {
            "canClash": undefined,
            "location": "Ainswth102",
            "time": "H16",
            "weeks": "1-10",
          },
        ],
        "web": false,
      },
    ],
    "term": undefined,
  },
  Object {
    "code": "AERO9660",
    "name": "Advanced Aerospace Propulsion",
    "streams": Array [
      Object {
        "component": "LEC",
        "enrols": Array [
          3,
          10,
        ],
        "full": false,
        "times": Array [
          Object {
            "canClash": undefined,
            "location": "AinswthG02",
            "time": "M15-17",
            "weeks": "1-3,5-11",
          },
          Object {
            "canClash": undefined,
            "location": "AinswthG02",
            "time": "H12-14",
            "weeks": "1-10",
          },
        ],
        "web": false,
      },
    ],
    "term": undefined,
  },
  Object {
    "autoSelect": true,
    "code": "CBS",
    "isAdditional": true,
    "name": "Campus Bible Study",
    "streams": Array [
      Object {
        "component": "The Bible Talks",
        "enrols": Array [
          0,
          0,
        ],
        "full": false,
        "times": Array [
          Object {
            "time": "T12",
          },
        ],
      },
      Object {
        "component": "The Bible Talks",
        "enrols": Array [
          0,
          0,
        ],
        "full": false,
        "times": Array [
          Object {
            "time": "T13",
          },
        ],
      },
      Object {
        "component": "The Bible Talks",
        "enrols": Array [
          0,
          0,
        ],
        "full": false,
        "times": Array [
          Object {
            "time": "W12",
          },
        ],
      },
      Object {
        "component": "The Bible Talks",
        "enrols": Array [
          0,
          0,
        ],
        "full": false,
        "times": Array [
          Object {
            "time": "H12",
          },
        ],
      },
      Object {
        "component": "Bible Study",
        "enrols": Array [
          0,
          0,
        ],
        "full": false,
        "times": Array [
          Object {
            "time": "M11",
          },
        ],
      },
      Object {
        "component": "Bible Study",
        "enrols": Array [
          0,
          0,
        ],
        "full": false,
        "times": Array [
          Object {
            "time": "M12",
          },
        ],
      },
      Object {
        "component": "Bible Study",
        "enrols": Array [
          0,
          0,
        ],
        "full": false,
        "times": Array [
          Object {
            "time": "M13",
          },
        ],
      },
      Object {
        "component": "Bible Study",
        "enrols": Array [
          0,
          0,
        ],
        "full": false,
        "times": Array [
          Object {
            "time": "M14",
          },
        ],
      },
      Object {
        "component": "Bible Study",
        "enrols": Array [
          0,
          0,
        ],
        "full": false,
        "times": Array [
          Object {
            "time": "T11",
          },
        ],
      },
      Object {
        "component": "Bible Study",
        "enrols": Array [
          0,
          0,
        ],
        "full": false,
        "times": Array [
          Object {
            "time": "T14",
          },
        ],
      },
      Object {
        "component": "Bible Study",
        "enrols": Array [
          0,
          0,
        ],
        "full": false,
        "times": Array [
          Object {
            "time": "W11",
          },
        ],
      },
      Object {
        "component": "Bible Study",
        "enrols": Array [
          0,
          0,
        ],
        "full": false,
        "times": Array [
          Object {
            "time": "W13",
          },
        ],
      },
      Object {
        "component": "Bible Study",
        "enrols": Array [
          0,
          0,
        ],
        "full": false,
        "times": Array [
          Object {
            "time": "H11",
          },
        ],
      },
      Object {
        "component": "Bible Study",
        "enrols": Array [
          0,
          0,
        ],
        "full": false,
        "times": Array [
          Object {
            "time": "H13",
          },
        ],
      },
      Object {
        "component": "Bible Study",
        "enrols": Array [
          0,
          0,
        ],
        "full": false,
        "times": Array [
          Object {
            "time": "F12",
          },
        ],
      },
      Object {
        "component": "Bible Study",
        "enrols": Array [
          0,
          0,
        ],
        "full": false,
        "times": Array [
          Object {
            "time": "F13",
          },
        ],
      },
      Object {
        "component": "Core Theology",
        "enrols": Array [
          0,
          0,
        ],
        "full": false,
        "times": Array [
          Object {
            "time": "T16",
          },
        ],
      },
      Object {
        "component": "Core Theology",
        "enrols": Array [
          0,
          0,
        ],
        "full": false,
        "times": Array [
          Object {
            "time": "W14",
          },
        ],
      },
      Object {
        "component": "Core Training",
        "enrols": Array [
          0,
          0,
        ],
        "full": false,
        "times": Array [
          Object {
            "time": "T15",
          },
        ],
      },
      Object {
        "component": "Core Training",
        "enrols": Array [
          0,
          0,
        ],
        "full": false,
        "times": Array [
          Object {
            "time": "T17",
          },
        ],
      },
      Object {
        "component": "Core Training",
        "enrols": Array [
          0,
          0,
        ],
        "full": false,
        "times": Array [
          Object {
            "time": "W15",
          },
        ],
      },
      Object {
        "component": "Core Training",
        "enrols": Array [
          0,
          0,
        ],
        "full": false,
        "times": Array [
          Object {
            "time": "H14",
          },
        ],
      },
    ],
  },
  Object {
    "code": "Street Talk",
    "isAdditional": true,
    "name": "Street Talk",
    "streams": Array [
      Object {
        "component": "Street Talk",
        "enrols": Array [
          0,
          0,
        ],
        "full": false,
        "times": Array [
          Object {
            "time": "M15",
          },
        ],
      },
      Object {
        "component": "Street Talk",
        "enrols": Array [
          0,
          0,
        ],
        "full": false,
        "times": Array [
          Object {
            "time": "T15",
          },
        ],
      },
      Object {
        "component": "Street Talk",
        "enrols": Array [
          0,
          0,
        ],
        "full": false,
        "times": Array [
          Object {
            "time": "W15",
          },
        ],
      },
      Object {
        "component": "Street Talk",
        "enrols": Array [
          0,
          0,
        ],
        "full": false,
        "times": Array [
          Object {
            "time": "H15",
          },
        ],
      },
      Object {
        "component": "Street Talk",
        "enrols": Array [
          0,
          0,
        ],
        "full": false,
        "times": Array [
          Object {
            "time": "F15",
          },
        ],
      },
    ],
  },
]
`;
