// Jest Snapshot v1, https://goo.gl/fbAQLP

exports[`scrapeUNSW gives consistent output 1`] = `
Array [
  Object {
    "autoSelect": true,
    "code": "CBS",
    "defaultColour": undefined,
    "description": undefined,
    "isAdditional": true,
    "metadata": undefined,
    "name": "Campus Bible Study",
    "streams": Array [],
  },
]
`;
